spawn@mydebian:~/.ssh$ telnet 192.168.1.14 32770
Trying 192.168.1.14...
Connected to 192.168.1.14.
Escape character is '^]'.
C
**************************************************************************
* IOSv is strictly limited to use for evaluation, demonstration and IOS  *
* education. IOSv is provided as-is and is not supported by Cisco's      *
* Technical Advisory Center. Any use or disclosure, in whole or in part, *
* of the IOSv Software or Documentation to any third party for any       *
* purposes is expressly prohibited except as otherwise authorized by     *
* Cisco in writing.                                                      *
**************************************************************************
R2>en
R2#show run
Building configuration...

Current configuration : 2886 bytes
!
version 15.9
service timestamps debug datetime msec
service timestamps log datetime msec
no service password-encryption
!
hostname R2
!
boot-start-marker
boot-end-marker
!
!
!
no aaa new-model
!
!
!
mmi polling-interval 60
no mmi auto-configure
no mmi pvc
mmi snmp-timeout 180
!         
!
!
!
!
!
!
!
!
!
!
ip cef
no ipv6 cef
!
multilink bundle-name authenticated
!
!
!
!
!
redundancy
!
!
!         
!
!
!
!
!
!
!
!
!
!
!
!
interface GigabitEthernet0/0
 ip address 10.1.2.2 255.255.255.0
 duplex auto
 speed auto
 media-type rj45
!
interface GigabitEthernet0/1
 ip address 10.2.5.2 255.255.255.0
 duplex auto
 speed auto
 media-type rj45
!
interface GigabitEthernet0/2
 no ip address
 shutdown
 duplex auto
 speed auto
 media-type rj45
!
interface GigabitEthernet0/3
 no ip address
 shutdown
 duplex auto
 speed auto
 media-type rj45
!
ip forward-protocol nd
!
!
no ip http server
no ip http secure-server
!
ipv6 ioam timestamp
!         
!
!
control-plane
!
banner exec ^CC
**************************************************************************
* IOSv is strictly limited to use for evaluation, demonstration and IOS  *
* education. IOSv is provided as-is and is not supported by Cisco's      *
* Technical Advisory Center. Any use or disclosure, in whole or in part, *
* of the IOSv Software or Documentation to any third party for any       *
* purposes is expressly prohibited except as otherwise authorized by     *
* Cisco in writing.                                                      *
**************************************************************************^C
banner incoming ^CC
**************************************************************************
* IOSv is strictly limited to use for evaluation, demonstration and IOS  *
* education. IOSv is provided as-is and is not supported by Cisco's      *
* Technical Advisory Center. Any use or disclosure, in whole or in part, *
* of the IOSv Software or Documentation to any third party for any       *
* purposes is expressly prohibited except as otherwise authorized by     *
* Cisco in writing.                                                      *
**************************************************************************^C
banner login ^CC
**************************************************************************
* IOSv is strictly limited to use for evaluation, demonstration and IOS  *
* education. IOSv is provided as-is and is not supported by Cisco's      *
* Technical Advisory Center. Any use or disclosure, in whole or in part, *
* of the IOSv Software or Documentation to any third party for any       *
* purposes is expressly prohibited except as otherwise authorized by     *
* Cisco in writing.                                                      *
**************************************************************************^C
!
line con 0
line aux 0
line vty 0 4
 login
 transport input none
!
no scheduler allocate
!
end

R2#

































R2 con0 is now available





Press RETURN to get started.


C
**************************************************************************
* IOSv is strictly limited to use for evaluation, demonstration and IOS  *
* education. IOSv is provided as-is and is not supported by Cisco's      *
* Technical Advisory Center. Any use or disclosure, in whole or in part, *
* of the IOSv Software or Documentation to any third party for any       *
* purposes is expressly prohibited except as otherwise authorized by     *
* Cisco in writing.                                                      *
**************************************************************************
R2>en
R2#show run
Building configuration...

Current configuration : 2886 bytes
!
version 15.9
service timestamps debug datetime msec
service timestamps log datetime msec
no service password-encryption
!
hostname R2
!
boot-start-marker
boot-end-marker
!
!
!
no aaa new-model
!
!
!
mmi polling-interval 60
no mmi auto-configure
no mmi pvc
mmi snmp-timeout 180
!         
!
!
!
!
!
!
!
!
!
!
ip cef
no ipv6 cef
!
multilink bundle-name authenticated
!
!
!
!
!
redundancy
!
!
!         
!
!
!
!
!
!
!
!
!
!
!
!
interface GigabitEthernet0/0
 ip address 10.1.2.2 255.255.255.0
 duplex auto
 speed auto
 media-type rj45
!
interface GigabitEthernet0/1
 ip address 10.2.5.2 255.255.255.0
 duplex auto
 speed auto
 media-type rj45
!
interface GigabitEthernet0/2
 no ip address
 shutdown
 duplex auto
 speed auto
 media-type rj45
!
interface GigabitEthernet0/3
 no ip address
 shutdown
 duplex auto
 speed auto
 media-type rj45
!
ip forward-protocol nd
!
!
no ip http server
no ip http secure-server
!
ipv6 ioam timestamp
!         
!
!
control-plane
!
banner exec ^CC
**************************************************************************
* IOSv is strictly limited to use for evaluation, demonstration and IOS  *
* education. IOSv is provided as-is and is not supported by Cisco's      *
* Technical Advisory Center. Any use or disclosure, in whole or in part, *
* of the IOSv Software or Documentation to any third party for any       *
* purposes is expressly prohibited except as otherwise authorized by     *
* Cisco in writing.                                                      *
**************************************************************************^C
banner incoming ^CC
**************************************************************************
* IOSv is strictly limited to use for evaluation, demonstration and IOS  *
* education. IOSv is provided as-is and is not supported by Cisco's      *
* Technical Advisory Center. Any use or disclosure, in whole or in part, *
* of the IOSv Software or Documentation to any third party for any       *
* purposes is expressly prohibited except as otherwise authorized by     *
* Cisco in writing.                                                      *
**************************************************************************^C
banner login ^CC
**************************************************************************
* IOSv is strictly limited to use for evaluation, demonstration and IOS  *
* education. IOSv is provided as-is and is not supported by Cisco's      *
* Technical Advisory Center. Any use or disclosure, in whole or in part, *
* of the IOSv Software or Documentation to any third party for any       *
* purposes is expressly prohibited except as otherwise authorized by     *
* Cisco in writing.                                                      *
**************************************************************************^C
!
line con 0
line aux 0
line vty 0 4
 login
 transport input none
!
no scheduler allocate
!
end

R2#ping 10.1.2.1 
Type escape sequence to abort.
Sending 5, 100-byte ICMP Echos to 10.1.2.1, timeout is 2 seconds:
.!!!!
Success rate is 80 percent (4/5), round-trip min/avg/max = 3/4/6 ms
R2#debug ip ?
  access-list             IP access-list operations
  address                 IP address activity
  admission               Network admission control debug
  auth-proxy              Authentication proxy debug
  bgp                     BGP information
  cache                   IP cache operations
  cca                     IP CCA
  cef                     IP CEF operations
  cgmp                    CGMP protocol activity
  ddns                    Dynamic DNS
  device                  IP Host Cache debugging support
  dfp                     DFP debug information
  dhcp                    Dynamic Host Configuration Protocol
  dns                     DNS
  dns-cache               DNS cache debugging
  dns-snoop-cache         DNS cache debugging
  domain                  Domain Name System
  drp                     Director response protocol
  eigrp                   Debug IPv4 EIGRP 
  error                   IP error debugging
  flow                    IP Flow switching operations
  ftp                     FTP dialogue
  html                    HTML connections
  http                    HTTP connections
  icmp                    ICMP transactions
  igmp                    IGMP protocol activity
  inspect                 Stateful inspection events
  interface               IP interface configuration changes
  ips                     IPS events
  mcache                  IP multicast cache operations
  mfib                    IP Multicast forwarding information base
  mhbeat                  IP multicast heartbeat monitoring
  mobile                  IP Mobility
  mpacket                 IP multicast packet debugging
  mpacket                 IP multicast packet debugging
  mrib                    Multicast Route DB
  mrm                     IP Multicast Routing Monitor
  mrouting                IP multicast routing table activity
  msdp                    Multicast Source Discovery Protocol (MSDP)
  mtrie                   Mtrie operations
  multicast               IP multicast activity
  mux                     IP Multiplexing
  nat                     NAT events
  nbar                    StILE - traffic classification Engine
  ospf                    OSPF information
  packet                  General IP debugging and IPSO security transactions
  peer                    IP peer address activity
  pgm                     PGM Reliable Transport Protocol
  pim                     PIM protocol activity
  policy                  Policy routing
  process                 IP process creation/destruction
  rbscp                   Access-list based RBSCP info
  rgmp                    RGMP protocol activity
  rip                     RIP protocol transactions
  routing                 Routing table events
  rsvp                    RSVP protocol activity
  rtp                     RTP information
  scp                     Secure Copy
  sctp                    SCTP information
  sd                      Session Directory (SD)
  sdee                    SDEE ips alerts
  security                IP security options
  sla                     IP SLAs Debug
  snat                    Stateful NAT events
  socket                  Socket debugging
  ssh                     Incoming ssh connections
  tcp                     TCP information
  tempacl                 IP temporary ACL
  traffic-export          ip traffic export
  trigger-authentication  Trigger authentication
  udp                     UDP based transactions
  urd                     URL RenDezvous (URD)
  urlfilter               IOS URL filter events
  verify                  IP RPF activity
  virtual-reassembly      IP Virtual Fragment Reassembly (VFR) debugs
  wccp                    WCCP IPv4 debugging

R2#debug ip rip
RIP protocol debugging is on
R2#route
R2#router
R2#conf t    
Enter configuration commands, one per line.  End with CNTL/Z.
R2(config)#route rip
% Ambiguous command:  "route rip"
R2(config)#router rip
R2(config-router)#version ?
  <1-2>  rip version 1 or 2

R2(config-router)#version 2
R2(config-router)#no aut
R2(config-router)#no auto-summary 
R2(config-router)#network 10.2.5.0
R2(config-router)#
*Dec 15 11:12:58.982: RIP: sending request on GigabitEthernet0/0 to 224.0.0.9
*Dec 15 11:12:58.984: RIP: sending request on GigabitEthernet0/1 to 224.0.0.9
*Dec 15 11:13:00.972: RIP: sending v2 flash update to 224.0.0.9 via GigabitEthernet0/0 (10.1.2.2)
*Dec 15 11:13:00.973: RIP: build flash update entries
*Dec 15 11:13:00.974: 	10.2.5.0/24 via 0.0.0.0, metric 1, tag 0
*Dec 15 11:13:00.975: RIP: sending v2 flash update to 224.0.0.9 via GigabitEthernet0/1 (10.2.5.2)
*Dec 15 11:13:00.976: RIP: build flash update entries
*Dec 15 11:13:00.976: 	10.1.2.0/24 via 0.0.0.0, metric 1, tag 0
R2(config-router)#network 10.1.2.0
*Dec 15 11:13:24.489: RIP: sending v2 update to 224.0.0.9 via GigabitEthernet0/1 (10.2.5.2)
*Dec 15 11:13:24.490: RIP: build update entries
*Dec 15 11:13:24.490: 	10.1.2.0/24 via 0.0.0.0, metric 1, tag 0
*Dec 15 11:13:24.765: RIP: sending v2 update to 224.0.0.9 via GigabitEthernet0/0 (10.1.2.2)
*Dec 15 11:13:24.766: RIP: build update entries
*Dec 15 11:13:24.767: 	10.2.5.0/24 via 0.0.0.0, metric 1, tag 0
R2(config-router)#network 10.1.2.0
R2(config-router)#
R2(config-router)#
R2(config-router)#netw
*Dec 15 11:13:50.449: RIP: sending v2 update to 224.0.0.9 via GigabitEthernet0/0 (10.1.2.2)
*Dec 15 11:13:50.450: RIP: build update entries
*Dec 15 11:13:50.451: 	10.2.5.0/24 via 0.0.0.0, metric 1, tag 0
*Dec 15 11:13:51.282: RIP: sending v2 update to 224.0.0.9 via GigabitEthernet0/1 (10.2.5.2)
*Dec 15 11:13:51.283: RIP: build update entries
*Dec 15 11:13:51.284: 	10.1.2.0/24 via 0.0.0.0, metric 1, tag 0rok 
*Dec 15 11:14:19.035: RIP: sending v2 update to 224.0.0.9 via GigabitEthernet0/0 (10.1.2.2)
*Dec 15 11:14:19.036: RIP: build update entries
*Dec 15 11:14:19.036: 	10.2.5.0/24 via 0.0.0.0, metric 1, tag 0
*Dec 15 11:14:20.547: RIP: sending v2 update to 224.0.0.9 via GigabitEthernet0/1 (10.2.5.2)
*Dec 15 11:14:20.548: RIP: build update entries
*Dec 15 11:14:20.548: 	10.1.2.0/24 via 0.0.0.0, metric 1, tag 0
*Dec 15 11:14:47.295: RIP: sending v2 update to 224.0.0.9 via GigabitEthernet0/0 (10.1.2.2)
*Dec 15 11:14:47.296: RIP: build update entries
*Dec 15 11:14:47.296: 	10.2.5.0/24 via 0.0.0.0, metric 1, tag 0
*Dec 15 11:14:48.658: RIP: sending v2 update to 224.0.0.9 via GigabitEthernet0/1 (10.2.5.2)
*Dec 15 11:14:48.659: RIP: build update entries
*Dec 15 11:14:48.659: 	10.1.2.0/24 via 0.0.0.0, metric 1, tag 0
*Dec 15 11:15:13.734: RIP: sending v2 update to 224.0.0.9 via GigabitEthernet0/0 (10.1.2.2)
*Dec 15 11:15:13.734: RIP: build update entries
*Dec 15 11:15:13.734: 	10.2.5.0/24 via 0.0.0.0, metric 1, tag 0
*Dec 15 11:15:17.833: RIP: sending v2 update to 224.0.0.9 via GigabitEthernet0/1 (10.2.5.2)
*Dec 15 11:15:17.834: RIP: build update entries
*Dec 15 11:15:17.834: 	10.1.2.0/24 via 0.0.0.0, metric 1, tag 0
                      ^
% Invalid input detected at '^' marker.

R2(config-router)#
*Dec 15 11:15:40.097: RIP: sending v2 update to 224.0.0.9 via GigabitEthernet0/0 (10.1.2.2)
*Dec 15 11:15:40.098: RIP: build update entries
*Dec 15 11:15:40.099: 	10.2.5.0/24 via 0.0.0.0, metric 1, tag 0
R2(config-router)#exit
R2(config)#ex
*Dec 15 11:15:46.060: RIP: sending v2 update to 224.0.0.9 via GigabitEthernet0/1 (10.2.5.2)
*Dec 15 11:15:46.061: RIP: build update entries
*Dec 15 11:15:46.061: 	10.1.2.0/24 via 0.0.0.0, metric 1, tag 0it
R2#unde
*Dec 15 11:15:48.247: %SYS-5-CONFIG_I: Configured from console by consolebu
% Incomplete command.

R2#undebug all
All possible debugging has been turned off
R2#show ip protocols
*** IP Routing is NSF aware ***

Routing Protocol is "application"
  Sending updates every 0 seconds
  Invalid after 0 seconds, hold down 0, flushed after 0
  Outgoing update filter list for all interfaces is not set
  Incoming update filter list for all interfaces is not set
  Maximum path: 32
  Routing for Networks:
  Routing Information Sources:
    Gateway         Distance      Last Update
  Distance: (default is 4)

Routing Protocol is "rip"
  Outgoing update filter list for all interfaces is not set
  Incoming update filter list for all interfaces is not set
  Sending updates every 30 seconds, next due in 12 seconds
  Invalid after 180 seconds, hold down 180, flushed after 240
  Redistributing: rip
  Default version control: send version 2, receive version 2
    Interface                           Send  Recv  Triggered RIP  Key-chain
    GigabitEthernet0/0                  2     2          No        none            
    GigabitEthernet0/1                  2     2          No        none            
  Automatic network summarization is not in effect
  Maximum path: 4
  Routing for Networks:
    10.0.0.0
  Routing Information Sources:
    Gateway         Distance      Last Update
  Distance: (default is 120)

R2#

































R2 con0 is now available





Press RETURN to get started.






C
**************************************************************************
* IOSv is strictly limited to use for evaluation, demonstration and IOS  *
* education. IOSv is provided as-is and is not supported by Cisco's      *
* Technical Advisory Center. Any use or disclosure, in whole or in part, *
* of the IOSv Software or Documentation to any third party for any       *
* purposes is expressly prohibited except as otherwise authorized by     *
* Cisco in writing.                                                      *
**************************************************************************
R2>
R2>en
R2#conf t
Enter configuration commands, one per line.  End with CNTL/Z.
R2(config)#debug
R2(config)#debug ip rip
             ^
% Invalid input detected at '^' marker.

R2(config)#exit        
R2#
*Dec 15 12:14:47.723: %SYS-5-CONFIG_I: Configured from console by console
R2#debug ip rip
RIP protocol debugging is on
R2#
R2#
R2#
R2#
*Dec 15 12:15:06.204: RIP: received v2 update from 10.2.5.5 on GigabitEthernet0/1
*Dec 15 12:15:06.204:      10.1.3.0/24 via 0.0.0.0 in 2 hops
*Dec 15 12:15:06.205:      10.1.4.0/24 via 0.0.0.0 in 2 hops
*Dec 15 12:15:06.205:      10.3.5.0/24 via 0.0.0.0 in 1 hops
*Dec 15 12:15:06.206:      10.4.5.0/24 via 0.0.0.0 in 1 hops
*Dec 15 12:15:06.206:      192.168.0.0/24 via 0.0.0.0 in 1 hops
*Dec 15 12:15:08.074: RIP: received v2 update from 10.1.2.1 on GigabitEthernet0/0
*Dec 15 12:15:08.075:      10.1.3.0/24 via 0.0.0.0 in 1 hops
*Dec 15 12:15:08.076:      10.1.4.0/24 via 0.0.0.0 in 1 hops
*Dec 15 12:15:08.076:      10.3.5.0/24 via 0.0.0.0 in 2 hops
*Dec 15 12:15:08.077:      10.4.5.0/24 via 0.0.0.0 in 2 hops
*Dec 15 12:15:08.078:      172.16.0.0/24 via 0.0.0.0 in 1 hops
*Dec 15 12:15:10.113: RIP: sending v2 update to 224.0.0.9 via GigabitEthernet0/0 (10.1.2.2)
*Dec 15 12:15:10.113: RIP: build update entries
*Dec 15 12:15:10.113: 	10.2.5.0/24 via 0.0.0.0, metric 1, tag 0
*Dec 15 12:15:10.114: 	10.3.5.0/24 via 0.0.0.0, metric 2, tag 0
*Dec 15 12:15:10.114: 	10.4.5.0/24 via 0.0.0.0, metric 2, tag 0
*Dec 15 12:15:10.114: 	192.168.0.0/24 via 0.0.0.0, metric 2, tag 0
*Dec 15 12:15:11.659: RIP: sending v2 update to 224.0.0.9 via GigabitEthernet0/1 (10.2.5.2)
*Dec 15 12:15:11.659: RIP: build update entries
*Dec 15 12:15:11.660: 	10.1.2.0/24 via 0.0.0.0, metric 1, tag 0
*Dec 15 12:15:11.660: 	10.1.3.0/24 via 0.0.0.0, metric 2, tag 0
*Dec 15 12:15:11.661: 	10.1.4.0/24 via 0.0.0.0, metric 2, tag 0
*Dec 15 12:15:11.661: 	172.16.0.0/24 via 0.0.0.0, metric 2, tag 0
*Dec 15 12:15:31.950: RIP: received v2 update from 10.2.5.5 on GigabitEthernet0/1
*Dec 15 12:15:31.951:      10.1.3.0/24 via 0.0.0.0 in 2 hops
*Dec 15 12:15:31.952:      10.1.4.0/24 via 0.0.0.0 in 2 hops
*Dec 15 12:15:31.953:      10.3.5.0/24 via 0.0.0.0 in 1 hops
*Dec 15 12:15:31.953:      10.4.5.0/24 via 0.0.0.0 in 1 hops
*Dec 15 12:15:31.954:      192.168.0.0/24 via 0.0.0.0 in 1 hops
*Dec 15 12:15:34.827: RIP: received v2 update from 10.1.2.1 on GigabitEthernet0/0
*Dec 15 12:15:34.828:      10.1.3.0/24 via 0.0.0.0 in 1 hops
*Dec 15 12:15:34.829:      10.1.4.0/24 via 0.0.0.0 in 1 hops
*Dec 15 12:15:34.829:      10.3.5.0/24 via 0.0.0.0 in 2 hops
*Dec 15 12:15:34.830:      10.4.5.0/24 via 0.0.0.0 in 2 hops
*Dec 15 12:15:34.830:      172.16.0.0/24 via 0.0.0.0 in 1 hops
*Dec 15 12:15:37.899: RIP: sending v2 update to 224.0.0.9 via GigabitEthernet0/0 (10.1.2.2)
*Dec 15 12:15:37.900: RIP: build update entries
*Dec 15 12:15:37.900: 	10.2.5.0/24 via 0.0.0.0, metric 1, tag 0
*Dec 15 12:15:37.901: 	10.3.5.0/24 via 0.0.0.0, metric 2, tag 0
*Dec 15 12:15:37.901: 	10.4.5.0/24 via 0.0.0.0, metric 2, tag 0
*Dec 15 12:15:37.902: 	192.168.0.0/24 via 0.0.0.0, metric 2, tag 0
*Dec 15 12:15:41.173: RIP: sending v2 update to 224.0.0.9 via GigabitEthernet0/1 (10.2.5.2)
*Dec 15 12:15:41.174: RIP: build update entries
*Dec 15 12:15:41.175: 	10.1.2.0/24 via 0.0.0.0, metric 1, tag 0
*Dec 15 12:15:41.176: 	10.1.3.0/24 via 0.0.0.0, metric 2, tag 0
*Dec 15 12:15:41.176: 	10.1.4.0/24 via 0.0.0.0, metric 2, tag 0
*Dec 15 12:15:41.177: 	172.16.0.0/24 via 0.0.0.0, metric 2, tag 0
*Dec 15 12:15:58.567: RIP: received v2 update from 10.2.5.5 on GigabitEthernet0/1
*Dec 15 12:15:58.567:      10.1.3.0/24 via 0.0.0.0 in 2 hops
*Dec 15 12:15:58.568:      10.1.4.0/24 via 0.0.0.0 in 2 hops
*Dec 15 12:15:58.568:      10.3.5.0/24 via 0.0.0.0 in 1 hops
*Dec 15 12:15:58.569:      10.4.5.0/24 via 0.0.0.0 in 1 hops
*Dec 15 12:15:58.569:      192.168.0.0/24 via 0.0.0.0 in 1 hops
*Dec 15 12:16:00.406: RIP: received v2 update from 10.1.2.1 on GigabitEthernet0/0
*Dec 15 12:16:00.407:      10.1.3.0/24 via 0.0.0.0 in 1 hops
*Dec 15 12:16:00.408:      10.1.4.0/24 via 0.0.0.0 in 1 hops
*Dec 15 12:16:00.408:      10.3.5.0/24 via 0.0.0.0 in 2 hops
*Dec 15 12:16:00.409:      10.4.5.0/24 via 0.0.0.0 in 2 hops
*Dec 15 12:16:00.409:      172.16.0.0/24 via 0.0.0.0 in 1 hops
*Dec 15 12:16:07.089: RIP: sending v2 update to 224.0.0.9 via GigabitEthernet0/0 (10.1.2.2)
*Dec 15 12:16:07.090: RIP: build update entries
*Dec 15 12:16:07.091: 	10.2.5.0/24 via 0.0.0.0, metric 1, tag 0
*Dec 15 12:16:07.091: 	10.3.5.0/24 via 0.0.0.0, metric 2, tag 0
*Dec 15 12:16:07.092: 	10.4.5.0/24 via 0.0.0.0, metric 2, tag 0
*Dec 15 12:16:07.092: 	192.168.0.0/24 via 0.0.0.0, metric 2, tag 0
*Dec 15 12:16:11.098: RIP: sending v2 update to 224.0.0.9 via GigabitEthernet0/1 (10.2.5.2)
*Dec 15 12:16:11.099: RIP: build update entries
*Dec 15 12:16:11.100: 	10.1.2.0/24 via 0.0.0.0, metric 1, tag 0
*Dec 15 12:16:11.100: 	10.1.3.0/24 via 0.0.0.0, metric 2, tag 0
*Dec 15 12:16:11.100: 	10.1.4.0/24 via 0.0.0.0, metric 2, tag 0
*Dec 15 12:16:11.101: 	172.16.0.0/24 via 0.0.0.0, metric 2, tag 0
*Dec 15 12:16:27.264: RIP: received v2 update from 10.1.2.1 on GigabitEthernet0/0
*Dec 15 12:16:27.265:      10.1.3.0/24 via 0.0.0.0 in 1 hops
*Dec 15 12:16:27.265:      10.1.4.0/24 via 0.0.0.0 in 1 hops
*Dec 15 12:16:27.266:      10.3.5.0/24 via 0.0.0.0 in 2 hops
*Dec 15 12:16:27.266:      10.4.5.0/24 via 0.0.0.0 in 2 hops
*Dec 15 12:16:27.267:      172.16.0.0/24 via 0.0.0.0 in 1 hops
*Dec 15 12:16:28.062: RIP: received v2 update from 10.2.5.5 on GigabitEthernet0/1
*Dec 15 12:16:28.063:      10.1.3.0/24 via 0.0.0.0 in 2 hops
*Dec 15 12:16:28.064:      10.1.4.0/24 via 0.0.0.0 in 2 hops
*Dec 15 12:16:28.064:      10.3.5.0/24 via 0.0.0.0 in 1 hops
*Dec 15 12:16:28.065:      10.4.5.0/24 via 0.0.0.0 in 1 hops
*Dec 15 12:16:28.066:      192.168.0.0/24 via 0.0.0.0 in 1 hops
*Dec 15 12:16:34.138: RIP: sending v2 update to 224.0.0.9 via GigabitEthernet0/0 (10.1.2.2)
*Dec 15 12:16:34.139: RIP: build update entries
*Dec 15 12:16:34.139: 	10.2.5.0/24 via 0.0.0.0, metric 1, tag 0
*Dec 15 12:16:34.139: 	10.3.5.0/24 via 0.0.0.0, metric 2, tag 0
*Dec 15 12:16:34.140: 	10.4.5.0/24 via 0.0.0.0, metric 2, tag 0
*Dec 15 12:16:34.140: 	192.168.0.0/24 via 0.0.0.0, metric 2, tag 0
*Dec 15 12:16:40.814: RIP: sending v2 update to 224.0.0.9 via GigabitEthernet0/1 (10.2.5.2)
*Dec 15 12:16:40.814: RIP: build update entries
*Dec 15 12:16:40.815: 	10.1.2.0/24 via 0.0.0.0, metric 1, tag 0
*Dec 15 12:16:40.816: 	10.1.3.0/24 via 0.0.0.0, metric 2, tag 0
*Dec 15 12:16:40.816: 	10.1.4.0/24 via 0.0.0.0, metric 2, tag 0
*Dec 15 12:16:40.817: 	172.16.0.0/24 via 0.0.0.0, metric 2, tag 0
*Dec 15 12:16:54.260: RIP: received v2 update from 10.2.5.5 on GigabitEthernet0/1
*Dec 15 12:16:54.261:      10.1.3.0/24 via 0.0.0.0 in 2 hops
*Dec 15 12:16:54.262:      10.1.4.0/24 via 0.0.0.0 in 2 hops
*Dec 15 12:16:54.262:      10.3.5.0/24 via 0.0.0.0 in 1 hops
*Dec 15 12:16:54.263:      10.4.5.0/24 via 0.0.0.0 in 1 hops
*Dec 15 12:16:54.263:      192.168.0.0/24 via 0.0.0.0 in 1 hops
*Dec 15 12:16:54.576: RIP: received v2 update from 10.1.2.1 on GigabitEthernet0/0
*Dec 15 12:16:54.577:      10.1.3.0/24 via 0.0.0.0 in 1 hops
*Dec 15 12:16:54.578:      10.1.4.0/24 via 0.0.0.0 in 1 hops
*Dec 15 12:16:54.578:      10.3.5.0/24 via 0.0.0.0 in 2 hops
*Dec 15 12:16:54.579:      10.4.5.0/24 via 0.0.0.0 in 2 hops
*Dec 15 12:16:54.580:      172.16.0.0/24 via 0.0.0.0 in 1 hops
*Dec 15 12:16:59.766: RIP: sending v2 update to 224.0.0.9 via GigabitEthernet0/0 (10.1.2.2)
*Dec 15 12:16:59.767: RIP: build update entries
*Dec 15 12:16:59.767: 	10.2.5.0/24 via 0.0.0.0, metric 1, tag 0
*Dec 15 12:16:59.768: 	10.3.5.0/24 via 0.0.0.0, metric 2, tag 0
*Dec 15 12:16:59.768: 	10.4.5.0/24 via 0.0.0.0, metric 2, tag 0
*Dec 15 12:16:59.768: 	192.168.0.0/24 via 0.0.0.0, metric 2, tag 0
*Dec 15 12:17:09.837: RIP: sending v2 update to 224.0.0.9 via GigabitEthernet0/1 (10.2.5.2)
*Dec 15 12:17:09.838: RIP: build update entries
*Dec 15 12:17:09.838: 	10.1.2.0/24 via 0.0.0.0, metric 1, tag 0
*Dec 15 12:17:09.839: 	10.1.3.0/24 via 0.0.0.0, metric 2, tag 0
*Dec 15 12:17:09.839: 	10.1.4.0/24 via 0.0.0.0, metric 2, tag 0
*Dec 15 12:17:09.840: 	172.16.0.0/24 via 0.0.0.0, metric 2, tag 0
*Dec 15 12:17:20.001: RIP: received v2 update from 10.2.5.5 on GigabitEthernet0/1
*Dec 15 12:17:20.002:      10.1.3.0/24 via 0.0.0.0 in 2 hops
*Dec 15 12:17:20.002:      10.1.4.0/24 via 0.0.0.0 in 2 hops
*Dec 15 12:17:20.003:      10.3.5.0/24 via 0.0.0.0 in 1 hops
*Dec 15 12:17:20.003:      10.4.5.0/24 via 0.0.0.0 in 1 hops
*Dec 15 12:17:20.004:      192.168.0.0/24 via 0.0.0.0 in 1 hops
*Dec 15 12:17:23.688: RIP: received v2 update from 10.1.2.1 on GigabitEthernet0/0
*Dec 15 12:17:23.689:      10.1.3.0/24 via 0.0.0.0 in 1 hops
*Dec 15 12:17:23.689:      10.1.4.0/24 via 0.0.0.0 in 1 hops
*Dec 15 12:17:23.690:      10.3.5.0/24 via 0.0.0.0 in 2 hops
*Dec 15 12:17:23.690:      10.4.5.0/24 via 0.0.0.0 in 2 hops
*Dec 15 12:17:23.691:      172.16.0.0/24 via 0.0.0.0 in 1 hops
*Dec 15 12:17:28.255: RIP: sending v2 update to 224.0.0.9 via GigabitEthernet0/0 (10.1.2.2)
*Dec 15 12:17:28.256: RIP: build update entries
*Dec 15 12:17:28.257: 	10.2.5.0/24 via 0.0.0.0, metric 1, tag 0
*Dec 15 12:17:28.258: 	10.3.5.0/24 via 0.0.0.0, metric 2, tag 0
*Dec 15 12:17:28.259: 	10.4.5.0/24 via 0.0.0.0, metric 2, tag 0
*Dec 15 12:17:28.259: 	192.168.0.0/24 via 0.0.0.0, metric 2, tag 0
*Dec 15 12:17:36.240: RIP: sending v2 update to 224.0.0.9 via GigabitEthernet0/1 (10.2.5.2)
*Dec 15 12:17:36.242: RIP: build update entries
*Dec 15 12:17:36.242: 	10.1.2.0/24 via 0.0.0.0, metric 1, tag 0
*Dec 15 12:17:36.243: 	10.1.3.0/24 via 0.0.0.0, metric 2, tag 0
*Dec 15 12:17:36.244: 	10.1.4.0/24 via 0.0.0.0, metric 2, tag 0
*Dec 15 12:17:36.245: 	172.16.0.0/24 via 0.0.0.0, metric 2, tag 0
*Dec 15 12:17:46.653: RIP: received v2 update from 10.2.5.5 on GigabitEthernet0/1
*Dec 15 12:17:46.653:      10.1.3.0/24 via 0.0.0.0 in 2 hops
*Dec 15 12:17:46.654:      10.1.4.0/24 via 0.0.0.0 in 2 hops
*Dec 15 12:17:46.654:      10.3.5.0/24 via 0.0.0.0 in 1 hops
*Dec 15 12:17:46.654:      10.4.5.0/24 via 0.0.0.0 in 1 hops
*Dec 15 12:17:46.655:      192.168.0.0/24 via 0.0.0.0 in 1 hops
R2#unde
R2#undebug all
All possible debugging has been turned off
R2#
*Dec 15 12:17:51.644: RIP: received v2 update from 10.1.2.1 on GigabitEthernet0/0
*Dec 15 12:17:51.645:      10.1.3.0/24 via 0.0.0.0 in 1 hops
*Dec 15 12:17:51.645:      10.1.4.0/24 via 0.0.0.0 in 1 hops
*Dec 15 12:17:51.646:      10.3.5.0/24 via 0.0.0.0 in 2 hops
*Dec 15 12:17:51.646:      10.4.5.0/24 via 0.0.0.0 in 2 hops
*Dec 15 12:17:51.647:      172.16.0.0/24 via 0.0.0.0 in 1 hops

































R2 con0 is now available





Press RETURN to get started.







C
**************************************************************************
* IOSv is strictly limited to use for evaluation, demonstration and IOS  *
* education. IOSv is provided as-is and is not supported by Cisco's      *
* Technical Advisory Center. Any use or disclosure, in whole or in part, *
* of the IOSv Software or Documentation to any third party for any       *
* purposes is expressly prohibited except as otherwise authorized by     *
* Cisco in writing.                                                      *
**************************************************************************
R2>
R2>
R2>en
R2#show ip int bri
Interface                  IP-Address      OK? Method Status                Protocol
GigabitEthernet0/0         10.1.2.2        YES TFTP   up                    up      
GigabitEthernet0/1         10.2.5.2        YES TFTP   up                    up      
GigabitEthernet0/2         unassigned      YES TFTP   administratively down down    
GigabitEthernet0/3         unassigned      YES TFTP   administratively down down    
R2#conf t
Enter configuration commands, one per line.  End with CNTL/Z.
R2(config)#int
R2(config)#interface GigabitEthernet0/0
R2(config-if)#shut
R2(config-if)#
*Dec 15 12:58:56.026: %LINK-5-CHANGED: Interface GigabitEthernet0/0, changed state to administratively down
*Dec 15 12:58:57.027: %LINEPROTO-5-UPDOWN: Line protocol on Interface GigabitEthernet0/0, changed state to down
R2(config-if)#no shut
R2(config-if)#
*Dec 15 13:04:10.131: %LINK-3-UPDOWN: Interface GigabitEthernet0/0, changed state to up
*Dec 15 13:04:11.131: %LINEPROTO-5-UPDOWN: Line protocol on Interface GigabitEthernet0/0, changed state to up
R2(config-if)#exit
R2(config)#exit
R2#
*Dec 15 13:04:20.064: %SYS-5-CONFIG_I: Configured from console by console
R2#
R2#
R2#debug rou
R2#debug route-m   
R2#debug ?         
  aaa                       AAA Authentication, Authorization and Accounting
  access-expression         Boolean access expression
  acircuit                  Attachment Circuit information
  adjacency                 adjacency
  all                       Enable all debugging
  alps                      ALPS debug information
  appfw                     Application Firewall events
  application               Application routing
  archive                   debug archive commands
  arp                       IP ARP and HP Probe transactions
  aspp                      ASPP information
  async                     Async interface information
  atm                       ATM interface packets
  authentication            Auth Manager debugging
  backhaul-session-manager  Backhaul SM options
  backup                    Backup events
  beep                      BEEP debugging
  bfd                       Bi-directional forwarding detection
  bgp                       BGP information
  bing                      Bing(d) debugging
  bridge-domain             Bridge-domain
  bsc                       BSC information
  bsd-client                Enable BSD Client debugging
  bstun                     BSTUN information
  bulkstat                  Bulsktat debugging
  c3pl                      C3PL events
  call                      Call Information
  call-admission            Call admission control
  callback                  Callback activity
  cca                       CCA activity
  cce                       Common Classification Engine (CCE)
  cdp                       CDP information
  cef                       CEF address family independent operations
  cfgdiff                   debug cfgdiff commands
  chat                      Chat scripts activity
  checkpoint                Checkpoint Facility Debugging
  clns                      CLNS information
  cls                       CLS Information
  cns                       CNS agents
  compress                  COMPRESS traffic
  condition                 Condition
  confmodem                 Modem configuration database
  conn                      Connection Manager information
  control-plane             control-plane events
  cops                      COPS
  cpc                       CPC Pak Subblock
  cpl                       Cisco Common Class-based Policy Language debugging
  crm                       Carrier Resource Manager info
  crypto                    Cryptographic subsystem
  cts                       Cisco Trusted Security
  ctunnel                   Generic CTunnel Interface
  custom-queue              Custom output queueing
  cws                       Cloud Web Security events
  dampening                 Dampening
  dcm                       dcm commands
  decnet                    DECnet information
  device-sensor             Device Sensor
  dhcp                      DHCP client activity
  dialer                    Dial on Demand
  dlsw                      Data Link Switching (DLSw) events
  dmvpn                     DMVPN protocol
  dnsix                     Dnsix information
  domain                    Domain debugging
  dot1x                     Dot1x debugging support
  drip                      DRiP debug information
  dspu                      DSPU Information
  dxi                       atm-dxi information
  eap                       EAP debugging
  ecfmpal                   ecfm debugging flags
  eigrp                     EIGRP debug commands
  elb-pal-pd                Elb Pal PD debugging flags
  entry                     Incoming queue entries
  eou                       EAPoUDP debugging support
  epm                       Policy Enforcemnt Module
  epmpal                    EPM platform debugging flags
  ethernet                  Ethernet debugging commands
  event                     Event related commands
  event-manager             Event manager activity
  fastethernet              Fast Ethernet interface information
  fh_fd_rpc                 FH_FD_RPC information
  fhrp                      Debug First Hop Router Protocol
  filesystem                Debug filesystem during boot
  flow                      Flow information
  flow-sampler              Debug flow sampler
  format                    format information
  frame-relay               Frame Relay
  fras                      FRAS Debug 
  fras-host                 FRAS Host Debug 
  funi                      FUNI interface packets
  glbp                      Gateway Load Balancing Protocol (GLBP)
  gssapi                    GSSAPI debugs
  ha-infra                  HA Infra Debugging
  hqf                       Debugging hqf
  http                      HTTP Debugging
  iamp                      IAMP Debug
  ida-client                Enable IDA Client debugging
  identity                  Identity debugging support
  idmgr                     IDMGR interaction
  if-mgr                    IF_MGR information
  interface                 Interface Descriptor Block
  ip                        IP information
  ipam                      IP Address Manager (IPAM) information
  ipc                       Interprocess communications debugging
  iphc                      IPHC information
  ipv6                      IPv6 information
  isis                      IS-IS Information
  kerberos                  KERBEROS authentication and authorization
  keystore                  CTS Keystore
  kron                      Kron subsys debugs
  l2tp                      L2TP information
  l4f                       L4F debugging
  lapb                      LAPB protocol transactions
  lapb-ta                   LAPB Terminal Adapter information
  lat                       LAT Information
  line                      Line debugging
  lisp                      Locator/ID Separation Protocol
  list                      Set interface or/and access list for the next debug
                            command
  llc2                      LLC2 type II Information
  lldp                      LLDP information
  lnx                       generic qllc/llc2 conversion activity
  local-ack                 Local ACKnowledgement information
  location-mgr              Location information manager
  logging                   Add debug messages to logging
  mab                       MAC-Authentication-Bypass debugging
  macdb                     Debug MAC database
  management                Management applications debugging
  mdns                      MDNS feature
  mediatrace                Mediatrace debugging
  memory                    Memory related debugging
  metadata                  Metadata debugs
  mfib                      MFIB address family independent operations
  mmi                       mmi process
  modem                     Modem control/process activation
  mop                       DECnet MOP server events
  mpls                      MPLS debug
  mtm                       MTM
  mvpn                      MVPN events
  mwi                       mwi debug information
  nat64                     NAT64
  nbf                       NetBIOS information
  ncia                      Native Client Interface Architecture (NCIA) events
  netbios-name-cache        NetBIOS name cache tracing
  netconf                   NETCONF information
  nhrp                      NHRP protocol
  nmsp                      debug NMSP
  ntp                       NTP information
  nvram                     Debug NVRAM behavior
  object-group              Object Group information
  oce                       Output chain elements
  onep                      ONE-P commands
  ospfv3                    OSPFv3 debug commands
  pa-wccp-proxy             PA WCCP Proxy
  packet                    Log unknown packets
  pad                       X25 PAD protocol
  performance               Performance monitor debugging
  persistent                Debug persistent
  pfr                       Performance Routing(PfR) information
  platform                  IOSv platform information
  pnp                       Debug PNP behavior
  police                    Debugging police
  policy-firewall           Debug policy-firewall
  policy-manager            Policy Manager
  policy-map                Debug policy-map
  ppp                       PPP (Point to Point Protocol) information
  pppoe                     PPPoE information
  printer                   LPD printer protocol
  priority                  Priority output queueing
  profile                   Media Services Debug 
  protofltr                 Routing protocol filter manager
  psp                       Packet-Service
  qdm                       QoS Device Manager
  qllc                      qllc debug information
  qos                       QoS debugging
  qos                       QoS debugging
  radius                    RADIUS protocol
  rbm                       Role-based Access Control Manager
  redundancy                Redundancy Facility (RF) debug options
  resource                  Embedded Resource Manager debug commands
  rif                       RIF cache transactions
  route-map                 Route-map
  rpl                       RPL Protocol debugging
  rpms-proc                 RPMS Process Information
  rudpv1                    RUDP,V1 information
  sadb                      sadb debug commands
  sampler                   Sampler configuration and operation
  sasl                      Simple Authentication and Security Layer
  sdlc                      SDLC information
  sdllc                     SDLLC media translation
  serial                    Serial interface information
  service-overlay           Service Overlay debug options
  service-routing           Enable Service Routing Debug options
  smf                       Software MAC filter
  sna                       SNA Information
  snapshot                  Snapshot activity
  snmp                      SNMP information
  sntp                      SNTP information
  software                  Software
  source                    Source bridging information
  spanning-tree             Spanning tree debugging
  srtp                      SRTP Library
  ssl                       SSL Debug command
  ssm                       Segment Switch Manager
  standby                   Hot Standby Router Protocol (HSRP)
  stun                      STUN information
  subscriber                Subscriber Service Switch information
  tacacs                    TACACS authentication and authorization
  tagtemplate               Tag and Template
  tarp                      TARP information
  tbridge                   Transparent Bridging
  tccs                      Transparent CCS information
  telnet                    Incoming telnet connections
  template                  Template activity
  tftp                      TFTP debugging
  tgrm                      Trunk Group Resource Manager info
  token                     Token Ring information
  topology                  Topology Manager
  track                     Debug tracking
  translate                 Protocol translation events
  tunnel                    Generic Tunnel Interface
  udptn                     UDPtn async data transport
  user-group                Usergroup debugging
  v120                      V120 information
  video                     debug video
  vlan                      vLAN information
  vmi                       VMI interface debugging
  vofm                      VO Flow Manager
  vpdn                      VPDN information
  vpn                       VPN information
  vprofile                  Virtual Profile information
  vrf                       VRF Manager
  vrrp                      Debug Virtual Router Redundancy Protocol
  vtemplate                 Virtual Template information
  waas                      IOS Wide Area Application Services
  wccp                      WCCP debugging
  webvpn                    WebVPN packet debugs
  wsma                      Web Services Management Agents debug
  x25                       X.25, CMNS and XOT information
  x28                       X28 mode
  xcl2                      Xconnect L2TPv3 information
  xconnect                  Xconnect debugs
  xmpp                      Extensible Messaging and Presence Protocol debug
  zone                      Zone security events

R2#debug ip ?
  access-list             IP access-list operations
  address                 IP address activity
  admission               Network admission control debug
  auth-proxy              Authentication proxy debug
  bgp                     BGP information
  cache                   IP cache operations
  cca                     IP CCA
  cef                     IP CEF operations
  cgmp                    CGMP protocol activity
  ddns                    Dynamic DNS
  device                  IP Host Cache debugging support
  dfp                     DFP debug information
  dhcp                    Dynamic Host Configuration Protocol
  dns                     DNS
  dns-cache               DNS cache debugging
  dns-snoop-cache         DNS cache debugging
  domain                  Domain Name System
  drp                     Director response protocol
  eigrp                   Debug IPv4 EIGRP 
  error                   IP error debugging
  flow                    IP Flow switching operations
  ftp                     FTP dialogue
  html                    HTML connections
  http                    HTTP connections
  icmp                    ICMP transactions
  igmp                    IGMP protocol activity
  inspect                 Stateful inspection events
  interface               IP interface configuration changes
  ips                     IPS events
  mcache                  IP multicast cache operations
  mfib                    IP Multicast forwarding information base
  mhbeat                  IP multicast heartbeat monitoring
  mobile                  IP Mobility
  mpacket                 IP multicast packet debugging
  mpacket                 IP multicast packet debugging
  mrib                    Multicast Route DB
  mrm                     IP Multicast Routing Monitor
  mrouting                IP multicast routing table activity
  msdp                    Multicast Source Discovery Protocol (MSDP)
  mtrie                   Mtrie operations
  multicast               IP multicast activity
  mux                     IP Multiplexing
  nat                     NAT events
  nbar                    StILE - traffic classification Engine
  ospf                    OSPF information
  packet                  General IP debugging and IPSO security transactions
  peer                    IP peer address activity
  pgm                     PGM Reliable Transport Protocol
  pim                     PIM protocol activity
  policy                  Policy routing
  process                 IP process creation/destruction
  rbscp                   Access-list based RBSCP info
  rgmp                    RGMP protocol activity
  rip                     RIP protocol transactions
  routing                 Routing table events
  rsvp                    RSVP protocol activity
  rtp                     RTP information
  scp                     Secure Copy
  sctp                    SCTP information
  sd                      Session Directory (SD)
  sdee                    SDEE ips alerts
  security                IP security options
  sla                     IP SLAs Debug
  snat                    Stateful NAT events
  socket                  Socket debugging
  ssh                     Incoming ssh connections
  tcp                     TCP information
  tempacl                 IP temporary ACL
  traffic-export          ip traffic export
  trigger-authentication  Trigger authentication
  udp                     UDP based transactions
  urd                     URL RenDezvous (URD)
  urlfilter               IOS URL filter events
  verify                  IP RPF activity
  virtual-reassembly      IP Virtual Fragment Reassembly (VFR) debugs
  wccp                    WCCP IPv4 debugging

R2#debug ip rip
RIP protocol debugging is on
R2#
*Dec 15 13:08:37.497: RIP: received v2 update from 10.1.2.1 on GigabitEthernet0/0
*Dec 15 13:08:37.497:      10.1.3.0/24 via 0.0.0.0 in 1 hops
*Dec 15 13:08:37.498:      10.1.4.0/24 via 0.0.0.0 in 1 hops
*Dec 15 13:08:37.498:      10.3.5.0/24 via 0.0.0.0 in 2 hops
*Dec 15 13:08:37.499:      10.4.5.0/24 via 0.0.0.0 in 2 hops
*Dec 15 13:08:37.499:      172.16.0.0/24 via 0.0.0.0 in 1 hops
*Dec 15 13:08:45.727: RIP: received v2 update from 10.2.5.5 on GigabitEthernet0/1
*Dec 15 13:08:45.728:      10.1.3.0/24 via 0.0.0.0 in 2 hops
*Dec 15 13:08:45.728:      10.1.4.0/24 via 0.0.0.0 in 2 hops
*Dec 15 13:08:45.729:      10.3.5.0/24 via 0.0.0.0 in 1 hops
*Dec 15 13:08:45.729:      10.4.5.0/24 via 0.0.0.0 in 1 hops
*Dec 15 13:08:45.731:      192.168.0.0/24 via 0.0.0.0 in 1 hops
*Dec 15 13:08:48.648: RIP: sending v2 update to 224.0.0.9 via GigabitEthernet0/1 (10.2.5.2)
*Dec 15 13:08:48.648: RIP: build update entries
*Dec 15 13:08:48.649: 	10.1.2.0/24 via 0.0.0.0, metric 1, tag 0
*Dec 15 13:08:48.649: 	10.1.3.0/24 via 0.0.0.0, metric 2, tag 0
*Dec 15 13:08:48.649: 	10.1.4.0/24 via 0.0.0.0, metric 2, tag 0
*Dec 15 13:08:48.650: 	172.16.0.0/24 via 0.0.0.0, metric 2, tag 0
*Dec 15 13:08:48.909: RIP: sending v2 update to 224.0.0.9 via GigabitEthernet0/0 (10.1.2.2)
*Dec 15 13:08:48.910: RIP: build update entries
*Dec 15 13:08:48.911: 	10.2.5.0/24 via 0.0.0.0, metric 1, tag 0
*Dec 15 13:08:48.912: 	10.3.5.0/24 via 0.0.0.0, metric 2, tag 0
*Dec 15 13:08:48.913: 	10.4.5.0/24 via 0.0.0.0, metric 2, tag 0
*Dec 15 13:08:48.914: 	192.168.0.0/24 via 0.0.0.0, metric 2, tag 0
*Dec 15 13:09:02.967: RIP: received v2 update from 10.1.2.1 on GigabitEthernet0/0
*Dec 15 13:09:02.968:      10.1.3.0/24 via 0.0.0.0 in 1 hops
*Dec 15 13:09:02.968:      10.1.4.0/24 via 0.0.0.0 in 1 hops
*Dec 15 13:09:02.968:      10.3.5.0/24 via 0.0.0.0 in 2 hops
*Dec 15 13:09:02.969:      10.4.5.0/24 via 0.0.0.0 in 2 hops
*Dec 15 13:09:02.969:      172.16.0.0/24 via 0.0.0.0 in 1 hops
*Dec 15 13:09:12.089: RIP: received v2 update from 10.2.5.5 on GigabitEthernet0/1
*Dec 15 13:09:12.090:      10.1.3.0/24 via 0.0.0.0 in 2 hops
*Dec 15 13:09:12.090:      10.1.4.0/24 via 0.0.0.0 in 2 hops
*Dec 15 13:09:12.090:      10.3.5.0/24 via 0.0.0.0 in 1 hops
*Dec 15 13:09:12.091:      10.4.5.0/24 via 0.0.0.0 in 1 hops
*Dec 15 13:09:12.091:      192.168.0.0/24 via 0.0.0.0 in 1 hops
*Dec 15 13:09:17.220: RIP: sending v2 update to 224.0.0.9 via GigabitEthernet0/1 (10.2.5.2)
*Dec 15 13:09:17.220: RIP: build update entries
*Dec 15 13:09:17.221: 	10.1.2.0/24 via 0.0.0.0, metric 1, tag 0
*Dec 15 13:09:17.221: 	10.1.3.0/24 via 0.0.0.0, metric 2, tag 0
*Dec 15 13:09:17.222: 	10.1.4.0/24 via 0.0.0.0, metric 2, tag 0
*Dec 15 13:09:17.222: 	172.16.0.0/24 via 0.0.0.0, metric 2, tag 0
*Dec 15 13:09:18.288: RIP: sending v2 update to 224.0.0.9 via GigabitEthernet0/0 (10.1.2.2)
*Dec 15 13:09:18.289: RIP: build update entries
*Dec 15 13:09:18.290: 	10.2.5.0/24 via 0.0.0.0, metric 1, tag 0
*Dec 15 13:09:18.290: 	10.3.5.0/24 via 0.0.0.0, metric 2, tag 0
*Dec 15 13:09:18.291: 	10.4.5.0/24 via 0.0.0.0, metric 2, tag 0
*Dec 15 13:09:18.291: 	192.168.0.0/24 via 0.0.0.0, metric 2, tag 0
*Dec 15 13:09:30.067: RIP: received v2 update from 10.1.2.1 on GigabitEthernet0/0
*Dec 15 13:09:30.068:      10.1.3.0/24 via 0.0.0.0 in 1 hops
*Dec 15 13:09:30.068:      10.1.4.0/24 via 0.0.0.0 in 1 hops
*Dec 15 13:09:30.068:      10.3.5.0/24 via 0.0.0.0 in 2 hops
*Dec 15 13:09:30.069:      10.4.5.0/24 via 0.0.0.0 in 2 hops
*Dec 15 13:09:30.069:      172.16.0.0/24 via 0.0.0.0 in 1 hops
*Dec 15 13:09:38.120: RIP: received v2 update from 10.2.5.5 on GigabitEthernet0/1
*Dec 15 13:09:38.121:      10.1.3.0/24 via 0.0.0.0 in 2 hops
*Dec 15 13:09:38.122:      10.1.4.0/24 via 0.0.0.0 in 2 hops
*Dec 15 13:09:38.122:      10.3.5.0/24 via 0.0.0.0 in 1 hops
*Dec 15 13:09:38.123:      10.4.5.0/24 via 0.0.0.0 in 1 hops
*Dec 15 13:09:38.124:      192.168.0.0/24 via 0.0.0.0 in 1 hops
*Dec 15 13:09:43.759: RIP: sending v2 update to 224.0.0.9 via GigabitEthernet0/1 (10.2.5.2)
*Dec 15 13:09:43.760: RIP: build update entries
*Dec 15 13:09:43.761: 	10.1.2.0/24 via 0.0.0.0, metric 1, tag 0
*Dec 15 13:09:43.762: 	10.1.3.0/24 via 0.0.0.0, metric 2, tag 0
*Dec 15 13:09:43.762: 	10.1.4.0/24 via 0.0.0.0, metric 2, tag 0
*Dec 15 13:09:43.763: 	172.16.0.0/24 via 0.0.0.0, metric 2, tag 0
*Dec 15 13:09:46.775: RIP: sending v2 update to 224.0.0.9 via GigabitEthernet0/0 (10.1.2.2)
*Dec 15 13:09:46.775: RIP: build update entries
*Dec 15 13:09:46.776: 	10.2.5.0/24 via 0.0.0.0, metric 1, tag 0
*Dec 15 13:09:46.777: 	10.3.5.0/24 via 0.0.0.0, metric 2, tag 0
*Dec 15 13:09:46.777: 	10.4.5.0/24 via 0.0.0.0, metric 2, tag 0
*Dec 15 13:09:46.778: 	192.168.0.0/24 via 0.0.0.0, metric 2, tag 0
*Dec 15 13:09:56.993: RIP: received v2 update from 10.1.2.1 on GigabitEthernet0/0
*Dec 15 13:09:56.994:      10.1.3.0/24 via 0.0.0.0 in 1 hops
*Dec 15 13:09:56.994:      10.1.4.0/24 via 0.0.0.0 in 1 hops
*Dec 15 13:09:56.995:      10.3.5.0/24 via 0.0.0.0 in 2 hops
*Dec 15 13:09:56.996:      10.4.5.0/24 via 0.0.0.0 in 2 hops
*Dec 15 13:09:56.996:      172.16.0.0/24 via 0.0.0.0 in 1 hops
*Dec 15 13:10:04.778: RIP: received v2 update from 10.2.5.5 on GigabitEthernet0/1
*Dec 15 13:10:04.778:      10.1.3.0/24 via 0.0.0.0 in 2 hops
*Dec 15 13:10:04.779:      10.1.4.0/24 via 0.0.0.0 in 2 hops
*Dec 15 13:10:04.779:      10.3.5.0/24 via 0.0.0.0 in 1 hops
*Dec 15 13:10:04.780:      10.4.5.0/24 via 0.0.0.0 in 1 hops
*Dec 15 13:10:04.780:      192.168.0.0/24 via 0.0.0.0 in 1 hops
*Dec 15 13:10:10.225: RIP: sending v2 update to 224.0.0.9 via GigabitEthernet0/1 (10.2.5.2)
*Dec 15 13:10:10.226: RIP: build update entries
*Dec 15 13:10:10.226: 	10.1.2.0/24 via 0.0.0.0, metric 1, tag 0
*Dec 15 13:10:10.227: 	10.1.3.0/24 via 0.0.0.0, metric 2, tag 0
*Dec 15 13:10:10.227: 	10.1.4.0/24 via 0.0.0.0, metric 2, tag 0
*Dec 15 13:10:10.228: 	172.16.0.0/24 via 0.0.0.0, metric 2, tag 0
*Dec 15 13:10:12.597: RIP: sending v2 update to 224.0.0.9 via GigabitEthernet0/0 (10.1.2.2)
*Dec 15 13:10:12.598: RIP: build update entries
*Dec 15 13:10:12.599: 	10.2.5.0/24 via 0.0.0.0, metric 1, tag 0
*Dec 15 13:10:12.599: 	10.3.5.0/24 via 0.0.0.0, metric 2, tag 0
*Dec 15 13:10:12.600: 	10.4.5.0/24 via 0.0.0.0, metric 2, tag 0
*Dec 15 13:10:12.601: 	192.168.0.0/24 via 0.0.0.0, metric 2, tag 0
*Dec 15 13:10:23.707: RIP: received v2 update from 10.1.2.1 on GigabitEthernet0/0
*Dec 15 13:10:23.708:      10.1.3.0/24 via 0.0.0.0 in 1 hops
*Dec 15 13:10:23.709:      10.1.4.0/24 via 0.0.0.0 in 1 hops
*Dec 15 13:10:23.709:      10.3.5.0/24 via 0.0.0.0 in 2 hops
*Dec 15 13:10:23.710:      10.4.5.0/24 via 0.0.0.0 in 2 hops
*Dec 15 13:10:23.711:      172.16.0.0/24 via 0.0.0.0 in 1 hops
*Dec 15 13:10:32.852: RIP: received v2 update from 10.2.5.5 on GigabitEthernet0/1
*Dec 15 13:10:32.853:      10.1.3.0/24 via 0.0.0.0 in 2 hops
*Dec 15 13:10:32.854:      10.1.4.0/24 via 0.0.0.0 in 2 hops
*Dec 15 13:10:32.854:      10.3.5.0/24 via 0.0.0.0 in 1 hops
*Dec 15 13:10:32.855:      10.4.5.0/24 via 0.0.0.0 in 1 hops
*Dec 15 13:10:32.855:      192.168.0.0/24 via 0.0.0.0 in 1 hops
*Dec 15 13:10:38.513: RIP: sending v2 update to 224.0.0.9 via GigabitEthernet0/1 (10.2.5.2)
*Dec 15 13:10:38.514: RIP: build update entries
*Dec 15 13:10:38.514: 	10.1.2.0/24 via 0.0.0.0, metric 1, tag 0
*Dec 15 13:10:38.515: 	10.1.3.0/24 via 0.0.0.0, metric 2, tag 0
*Dec 15 13:10:38.515: 	10.1.4.0/24 via 0.0.0.0, metric 2, tag 0
*Dec 15 13:10:38.516: 	172.16.0.0/24 via 0.0.0.0, metric 2, tag 0
*Dec 15 13:10:38.555: RIP: sending v2 update to 224.0.0.9 via GigabitEthernet0/0 (10.1.2.2)
*Dec 15 13:10:38.556: RIP: build update entries
*Dec 15 13:10:38.557: 	10.2.5.0/24 via 0.0.0.0, metric 1, tag 0
*Dec 15 13:10:38.557: 	10.3.5.0/24 via 0.0.0.0, metric 2, tag 0
*Dec 15 13:10:38.558: 	10.4.5.0/24 via 0.0.0.0, metric 2, tag 0
*Dec 15 13:10:38.559: 	192.168.0.0/24 via 0.0.0.0, metric 2, tag 0
*Dec 15 13:10:50.904: RIP: received v2 update from 10.1.2.1 on GigabitEthernet0/0
*Dec 15 13:10:50.905:      10.1.3.0/24 via 0.0.0.0 in 1 hops
*Dec 15 13:10:50.905:      10.1.4.0/24 via 0.0.0.0 in 1 hops
*Dec 15 13:10:50.905:      10.3.5.0/24 via 0.0.0.0 in 2 hops
*Dec 15 13:10:50.906:      10.4.5.0/24 via 0.0.0.0 in 2 hops
*Dec 15 13:10:50.906:      172.16.0.0/24 via 0.0.0.0 in 1 hops
*Dec 15 13:10:59.430: RIP: received v2 update from 10.2.5.5 on GigabitEthernet0/1
*Dec 15 13:10:59.430:      10.1.3.0/24 via 0.0.0.0 in 2 hops
*Dec 15 13:10:59.431:      10.1.4.0/24 via 0.0.0.0 in 2 hops
*Dec 15 13:10:59.431:      10.3.5.0/24 via 0.0.0.0 in 1 hops
*Dec 15 13:10:59.432:      10.4.5.0/24 via 0.0.0.0 in 1 hops
*Dec 15 13:10:59.432:      192.168.0.0/24 via 0.0.0.0 in 1 hops
*Dec 15 13:11:05.635: RIP: sending v2 update to 224.0.0.9 via GigabitEthernet0/1 (10.2.5.2)
*Dec 15 13:11:05.636: RIP: build update entries
*Dec 15 13:11:05.637: 	10.1.2.0/24 via 0.0.0.0, metric 1, tag 0
*Dec 15 13:11:05.637: 	10.1.3.0/24 via 0.0.0.0, metric 2, tag 0
*Dec 15 13:11:05.638: 	10.1.4.0/24 via 0.0.0.0, metric 2, tag 0
*Dec 15 13:11:05.639: 	172.16.0.0/24 via 0.0.0.0, metric 2, tag 0
*Dec 15 13:11:08.473: RIP: sending v2 update to 224.0.0.9 via GigabitEthernet0/0 (10.1.2.2)
*Dec 15 13:11:08.474: RIP: build update entries
*Dec 15 13:11:08.474: 	10.2.5.0/24 via 0.0.0.0, metric 1, tag 0
*Dec 15 13:11:08.475: 	10.3.5.0/24 via 0.0.0.0, metric 2, tag 0
*Dec 15 13:11:08.475: 	10.4.5.0/24 via 0.0.0.0, metric 2, tag 0
*Dec 15 13:11:08.475: 	192.168.0.0/24 via 0.0.0.0, metric 2, tag 0
*Dec 15 13:11:19.138: RIP: received v2 update from 10.1.2.1 on GigabitEthernet0/0
*Dec 15 13:11:19.139:      10.1.3.0/24 via 0.0.0.0 in 1 hops
*Dec 15 13:11:19.139:      10.1.4.0/24 via 0.0.0.0 in 1 hops
*Dec 15 13:11:19.140:      10.3.5.0/24 via 0.0.0.0 in 2 hops
*Dec 15 13:11:19.141:      10.4.5.0/24 via 0.0.0.0 in 2 hops
*Dec 15 13:11:19.141:      172.16.0.0/24 via 0.0.0.0 in 1 hops
*Dec 15 13:11:28.871: RIP: received v2 update from 10.2.5.5 on GigabitEthernet0/1
*Dec 15 13:11:28.872:      10.1.3.0/24 via 0.0.0.0 in 2 hops
*Dec 15 13:11:28.872:      10.1.4.0/24 via 0.0.0.0 in 2 hops
*Dec 15 13:11:28.873:      10.3.5.0/24 via 0.0.0.0 in 1 hops
*Dec 15 13:11:28.873:      10.4.5.0/24 via 0.0.0.0 in 1 hops
*Dec 15 13:11:28.874:      192.168.0.0/24 via 0.0.0.0 in 1 hops
*Dec 15 13:11:34.709: RIP: sending v2 update to 224.0.0.9 via GigabitEthernet0/1 (10.2.5.2)
*Dec 15 13:11:34.710: RIP: build update entries
*Dec 15 13:11:34.710: 	10.1.2.0/24 via 0.0.0.0, metric 1, tag 0
*Dec 15 13:11:34.711: 	10.1.3.0/24 via 0.0.0.0, metric 2, tag 0
*Dec 15 13:11:34.711: 	10.1.4.0/24 via 0.0.0.0, metric 2, tag 0
*Dec 15 13:11:34.711: 	172.16.0.0/24 via 0.0.0.0, metric 2, tag 0
*Dec 15 13:11:37.823: RIP: sending v2 update to 224.0.0.9 via GigabitEthernet0/0 (10.1.2.2)
*Dec 15 13:11:37.824: RIP: build update entries
*Dec 15 13:11:37.824: 	10.2.5.0/24 via 0.0.0.0, metric 1, tag 0
*Dec 15 13:11:37.825: 	10.3.5.0/24 via 0.0.0.0, metric 2, tag 0
*Dec 15 13:11:37.825: 	10.4.5.0/24 via 0.0.0.0, metric 2, tag 0
*Dec 15 13:11:37.826: 	192.168.0.0/24 via 0.0.0.0, metric 2, tag 0
*Dec 15 13:11:47.036: RIP: received v2 update from 10.1.2.1 on GigabitEthernet0/0
*Dec 15 13:11:47.037:      10.1.3.0/24 via 0.0.0.0 in 1 hops
*Dec 15 13:11:47.037:      10.1.4.0/24 via 0.0.0.0 in 1 hops
*Dec 15 13:11:47.038:      10.3.5.0/24 via 0.0.0.0 in 2 hops
*Dec 15 13:11:47.038:      10.4.5.0/24 via 0.0.0.0 in 2 hops
*Dec 15 13:11:47.039:      172.16.0.0/24 via 0.0.0.0 in 1 hops
*Dec 15 13:11:58.816: RIP: received v2 update from 10.2.5.5 on GigabitEthernet0/1
*Dec 15 13:11:58.817:      10.1.3.0/24 via 0.0.0.0 in 2 hops
*Dec 15 13:11:58.818:      10.1.4.0/24 via 0.0.0.0 in 2 hops
*Dec 15 13:11:58.818:      10.3.5.0/24 via 0.0.0.0 in 1 hops
*Dec 15 13:11:58.819:      10.4.5.0/24 via 0.0.0.0 in 1 hops
*Dec 15 13:11:58.820:      192.168.0.0/24 via 0.0.0.0 in 1 hops
*Dec 15 13:12:00.905: RIP: sending v2 update to 224.0.0.9 via GigabitEthernet0/1 (10.2.5.2)
*Dec 15 13:12:00.906: RIP: build update entries
*Dec 15 13:12:00.906: 	10.1.2.0/24 via 0.0.0.0, metric 1, tag 0
*Dec 15 13:12:00.907: 	10.1.3.0/24 via 0.0.0.0, metric 2, tag 0
*Dec 15 13:12:00.907: 	10.1.4.0/24 via 0.0.0.0, metric 2, tag 0
*Dec 15 13:12:00.908: 	172.16.0.0/24 via 0.0.0.0, metric 2, tag 0
*Dec 15 13:12:05.283: RIP: sending v2 update to 224.0.0.9 via GigabitEthernet0/0 (10.1.2.2)
*Dec 15 13:12:05.284: RIP: build update entries
*Dec 15 13:12:05.285: 	10.2.5.0/24 via 0.0.0.0, metric 1, tag 0
*Dec 15 13:12:05.285: 	10.3.5.0/24 via 0.0.0.0, metric 2, tag 0
*Dec 15 13:12:05.286: 	10.4.5.0/24 via 0.0.0.0, metric 2, tag 0
*Dec 15 13:12:05.286: 	192.168.0.0/24 via 0.0.0.0, metric 2, tag 0
*Dec 15 13:12:15.680: RIP: received v2 update from 10.1.2.1 on GigabitEthernet0/0
*Dec 15 13:12:15.681:      10.1.3.0/24 via 0.0.0.0 in 1 hops
*Dec 15 13:12:15.682:      10.1.4.0/24 via 0.0.0.0 in 1 hops
*Dec 15 13:12:15.683:      10.3.5.0/24 via 0.0.0.0 in 2 hops
*Dec 15 13:12:15.683:      10.4.5.0/24 via 0.0.0.0 in 2 hops
*Dec 15 13:12:15.684:      172.16.0.0/24 via 0.0.0.0 in 1 hops
*Dec 15 13:12:27.811: RIP: received v2 update from 10.2.5.5 on GigabitEthernet0/1
*Dec 15 13:12:27.812:      10.1.3.0/24 via 0.0.0.0 in 2 hops
*Dec 15 13:12:27.813:      10.1.4.0/24 via 0.0.0.0 in 2 hops
*Dec 15 13:12:27.813:      10.3.5.0/24 via 0.0.0.0 in 1 hops
*Dec 15 13:12:27.814:      10.4.5.0/24 via 0.0.0.0 in 1 hops
*Dec 15 13:12:27.815:      192.168.0.0/24 via 0.0.0.0 in 1 hops
*Dec 15 13:12:29.816: RIP: sending v2 update to 224.0.0.9 via GigabitEthernet0/1 (10.2.5.2)
*Dec 15 13:12:29.817: RIP: build update entries
*Dec 15 13:12:29.817: 	10.1.2.0/24 via 0.0.0.0, metric 1, tag 0
*Dec 15 13:12:29.818: 	10.1.3.0/24 via 0.0.0.0, metric 2, tag 0
*Dec 15 13:12:29.819: 	10.1.4.0/24 via 0.0.0.0, metric 2, tag 0
*Dec 15 13:12:29.819: 	172.16.0.0/24 via 0.0.0.0, metric 2, tag 0
*Dec 15 13:12:35.039: RIP: sending v2 update to 224.0.0.9 via GigabitEthernet0/0 (10.1.2.2)
*Dec 15 13:12:35.040: RIP: build update entries
*Dec 15 13:12:35.041: 	10.2.5.0/24 via 0.0.0.0, metric 1, tag 0
*Dec 15 13:12:35.041: 	10.3.5.0/24 via 0.0.0.0, metric 2, tag 0
*Dec 15 13:12:35.041: 	10.4.5.0/24 via 0.0.0.0, metric 2, tag 0
*Dec 15 13:12:35.042: 	192.168.0.0/24 via 0.0.0.0, metric 2, tag 0
*Dec 15 13:12:44.888: RIP: received v2 update from 10.1.2.1 on GigabitEthernet0/0
*Dec 15 13:12:44.888:      10.1.3.0/24 via 0.0.0.0 in 1 hops
*Dec 15 13:12:44.890:      10.1.4.0/24 via 0.0.0.0 in 1 hops
*Dec 15 13:12:44.891:      10.3.5.0/24 via 0.0.0.0 in 2 hops
*Dec 15 13:12:44.892:      10.4.5.0/24 via 0.0.0.0 in 2 hops
*Dec 15 13:12:44.893:      172.16.0.0/24 via 0.0.0.0 in 1 hops
*Dec 15 13:12:55.547: RIP: received v2 update from 10.2.5.5 on GigabitEthernet0/1
*Dec 15 13:12:55.549:      10.1.3.0/24 via 0.0.0.0 in 2 hops
*Dec 15 13:12:55.549:      10.1.4.0/24 via 0.0.0.0 in 2 hops
*Dec 15 13:12:55.550:      10.3.5.0/24 via 0.0.0.0 in 1 hops
*Dec 15 13:12:55.551:      10.4.5.0/24 via 0.0.0.0 in 1 hops
*Dec 15 13:12:55.551:      192.168.0.0/24 via 0.0.0.0 in 1 hops
*Dec 15 13:12:57.637: RIP: sending v2 update to 224.0.0.9 via GigabitEthernet0/1 (10.2.5.2)
*Dec 15 13:12:57.638: RIP: build update entries
*Dec 15 13:12:57.639: 	10.1.2.0/24 via 0.0.0.0, metric 1, tag 0
*Dec 15 13:12:57.640: 	10.1.3.0/24 via 0.0.0.0, metric 2, tag 0
*Dec 15 13:12:57.640: 	10.1.4.0/24 via 0.0.0.0, metric 2, tag 0
*Dec 15 13:12:57.641: 	172.16.0.0/24 via 0.0.0.0, metric 2, tag 0
*Dec 15 13:13:03.604: RIP: sending v2 update to 224.0.0.9 via GigabitEthernet0/0 (10.1.2.2)
*Dec 15 13:13:03.604: RIP: build update entries
*Dec 15 13:13:03.605: 	10.2.5.0/24 via 0.0.0.0, metric 1, tag 0
*Dec 15 13:13:03.605: 	10.3.5.0/24 via 0.0.0.0, metric 2, tag 0
*Dec 15 13:13:03.605: 	10.4.5.0/24 via 0.0.0.0, metric 2, tag 0
*Dec 15 13:13:03.606: 	192.168.0.0/24 via 0.0.0.0, metric 2, tag 0
*Dec 15 13:13:11.275: RIP: received v2 update from 10.1.2.1 on GigabitEthernet0/0
*Dec 15 13:13:11.276:      10.1.3.0/24 via 0.0.0.0 in 1 hops
*Dec 15 13:13:11.276:      10.1.4.0/24 via 0.0.0.0 in 1 hops
*Dec 15 13:13:11.277:      10.3.5.0/24 via 0.0.0.0 in 2 hops
*Dec 15 13:13:11.277:      10.4.5.0/24 via 0.0.0.0 in 2 hops
*Dec 15 13:13:11.277:      172.16.0.0/24 via 0.0.0.0 in 1 hops
*Dec 15 13:13:22.282: RIP: received v2 update from 10.2.5.5 on GigabitEthernet0/1
*Dec 15 13:13:22.282:      10.1.3.0/24 via 0.0.0.0 in 2 hops
*Dec 15 13:13:22.283:      10.1.4.0/24 via 0.0.0.0 in 2 hops
*Dec 15 13:13:22.283:      10.3.5.0/24 via 0.0.0.0 in 1 hops
*Dec 15 13:13:22.283:      10.4.5.0/24 via 0.0.0.0 in 1 hops
*Dec 15 13:13:22.284:      192.168.0.0/24 via 0.0.0.0 in 1 hops
*Dec 15 13:13:25.195: RIP: sending v2 update to 224.0.0.9 via GigabitEthernet0/1 (10.2.5.2)
*Dec 15 13:13:25.195: RIP: build update entries
*Dec 15 13:13:25.196: 	10.1.2.0/24 via 0.0.0.0, metric 1, tag 0
*Dec 15 13:13:25.197: 	10.1.3.0/24 via 0.0.0.0, metric 2, tag 0
*Dec 15 13:13:25.197: 	10.1.4.0/24 via 0.0.0.0, metric 2, tag 0
*Dec 15 13:13:25.198: 	172.16.0.0/24 via 0.0.0.0, metric 2, tag 0
*Dec 15 13:13:31.718: RIP: sending v2 update to 224.0.0.9 via GigabitEthernet0/0 (10.1.2.2)
*Dec 15 13:13:31.719: RIP: build update entries
*Dec 15 13:13:31.721: 	10.2.5.0/24 via 0.0.0.0, metric 1, tag 0
*Dec 15 13:13:31.722: 	10.3.5.0/24 via 0.0.0.0, metric 2, tag 0
*Dec 15 13:13:31.723: 	10.4.5.0/24 via 0.0.0.0, metric 2, tag 0
*Dec 15 13:13:31.724: 	192.168.0.0/24 via 0.0.0.0, metric 2, tag 0
*Dec 15 13:13:38.373: RIP: received v2 update from 10.1.2.1 on GigabitEthernet0/0
*Dec 15 13:13:38.374:      10.1.3.0/24 via 0.0.0.0 in 1 hops
*Dec 15 13:13:38.374:      10.1.4.0/24 via 0.0.0.0 in 1 hops
*Dec 15 13:13:38.374:      10.3.5.0/24 via 0.0.0.0 in 2 hops
*Dec 15 13:13:38.375:      10.4.5.0/24 via 0.0.0.0 in 2 hops
*Dec 15 13:13:38.375:      172.16.0.0/24 via 0.0.0.0 in 1 hops
*Dec 15 13:13:50.641: RIP: received v2 update from 10.2.5.5 on GigabitEthernet0/1
*Dec 15 13:13:50.642:      10.1.3.0/24 via 0.0.0.0 in 2 hops
*Dec 15 13:13:50.643:      10.1.4.0/24 via 0.0.0.0 in 2 hops
*Dec 15 13:13:50.643:      10.3.5.0/24 via 0.0.0.0 in 1 hops
*Dec 15 13:13:50.644:      10.4.5.0/24 via 0.0.0.0 in 1 hops
*Dec 15 13:13:50.645:      192.168.0.0/24 via 0.0.0.0 in 1 hops
*Dec 15 13:13:54.912: RIP: sending v2 update to 224.0.0.9 via GigabitEthernet0/1 (10.2.5.2)
*Dec 15 13:13:54.913: RIP: build update entries
*Dec 15 13:13:54.913: 	10.1.2.0/24 via 0.0.0.0, metric 1, tag 0
*Dec 15 13:13:54.914: 	10.1.3.0/24 via 0.0.0.0, metric 2, tag 0
*Dec 15 13:13:54.914: 	10.1.4.0/24 via 0.0.0.0, metric 2, tag 0
*Dec 15 13:13:54.914: 	172.16.0.0/24 via 0.0.0.0, metric 2, tag 0
*Dec 15 13:14:00.498: RIP: sending v2 update to 224.0.0.9 via GigabitEthernet0/0 (10.1.2.2)
*Dec 15 13:14:00.499: RIP: build update entries
*Dec 15 13:14:00.500: 	10.2.5.0/24 via 0.0.0.0, metric 1, tag 0
*Dec 15 13:14:00.500: 	10.3.5.0/24 via 0.0.0.0, metric 2, tag 0
*Dec 15 13:14:00.501: 	10.4.5.0/24 via 0.0.0.0, metric 2, tag 0
*Dec 15 13:14:00.501: 	192.168.0.0/24 via 0.0.0.0, metric 2, tag 0
*Dec 15 13:14:05.915: RIP: received v2 update from 10.1.2.1 on GigabitEthernet0/0
*Dec 15 13:14:05.916:      10.1.3.0/24 via 0.0.0.0 in 1 hops
*Dec 15 13:14:05.917:      10.1.4.0/24 via 0.0.0.0 in 1 hops
*Dec 15 13:14:05.917:      10.3.5.0/24 via 0.0.0.0 in 2 hops
*Dec 15 13:14:05.918:      10.4.5.0/24 via 0.0.0.0 in 2 hops
*Dec 15 13:14:05.918:      172.16.0.0/24 via 0.0.0.0 in 1 hops
*Dec 15 13:14:17.450: RIP: received v2 update from 10.2.5.5 on GigabitEthernet0/1
*Dec 15 13:14:17.451:      10.1.3.0/24 via 0.0.0.0 in 2 hops
*Dec 15 13:14:17.451:      10.1.4.0/24 via 0.0.0.0 in 2 hops
*Dec 15 13:14:17.452:      10.3.5.0/24 via 0.0.0.0 in 1 hops
*Dec 15 13:14:17.452:      10.4.5.0/24 via 0.0.0.0 in 1 hops
*Dec 15 13:14:17.453:      192.168.0.0/24 via 0.0.0.0 in 1 hops
*Dec 15 13:14:22.102: RIP: sending v2 update to 224.0.0.9 via GigabitEthernet0/1 (10.2.5.2)
*Dec 15 13:14:22.103: RIP: build update entries
*Dec 15 13:14:22.103: 	10.1.2.0/24 via 0.0.0.0, metric 1, tag 0
*Dec 15 13:14:22.104: 	10.1.3.0/24 via 0.0.0.0, metric 2, tag 0
*Dec 15 13:14:22.104: 	10.1.4.0/24 via 0.0.0.0, metric 2, tag 0
*Dec 15 13:14:22.105: 	172.16.0.0/24 via 0.0.0.0, metric 2, tag 0
*Dec 15 13:14:27.705: RIP: sending v2 update to 224.0.0.9 via GigabitEthernet0/0 (10.1.2.2)
*Dec 15 13:14:27.706: RIP: build update entries
*Dec 15 13:14:27.707: 	10.2.5.0/24 via 0.0.0.0, metric 1, tag 0
*Dec 15 13:14:27.708: 	10.3.5.0/24 via 0.0.0.0, metric 2, tag 0
*Dec 15 13:14:27.708: 	10.4.5.0/24 via 0.0.0.0, metric 2, tag 0
*Dec 15 13:14:27.709: 	192.168.0.0/24 via 0.0.0.0, metric 2, tag 0
*Dec 15 13:14:31.749: RIP: received v2 update from 10.1.2.1 on GigabitEthernet0/0
*Dec 15 13:14:31.750:      10.1.3.0/24 via 0.0.0.0 in 1 hops
*Dec 15 13:14:31.750:      10.1.4.0/24 via 0.0.0.0 in 1 hops
*Dec 15 13:14:31.751:      10.3.5.0/24 via 0.0.0.0 in 2 hops
*Dec 15 13:14:31.752:      10.4.5.0/24 via 0.0.0.0 in 2 hops
*Dec 15 13:14:31.752:      172.16.0.0/24 via 0.0.0.0 in 1 hops
*Dec 15 13:14:43.331: RIP: received v2 update from 10.2.5.5 on GigabitEthernet0/1
*Dec 15 13:14:43.331:      10.1.3.0/24 via 0.0.0.0 in 2 hops
*Dec 15 13:14:43.332:      10.1.4.0/24 via 0.0.0.0 in 2 hops
*Dec 15 13:14:43.332:      10.3.5.0/24 via 0.0.0.0 in 1 hops
*Dec 15 13:14:43.333:      10.4.5.0/24 via 0.0.0.0 in 1 hops
*Dec 15 13:14:43.333:      192.168.0.0/24 via 0.0.0.0 in 1 hops
*Dec 15 13:14:48.488: RIP: sending v2 update to 224.0.0.9 via GigabitEthernet0/1 (10.2.5.2)
*Dec 15 13:14:48.489: RIP: build update entries
*Dec 15 13:14:48.489: 	10.1.2.0/24 via 0.0.0.0, metric 1, tag 0
*Dec 15 13:14:48.490: 	10.1.3.0/24 via 0.0.0.0, metric 2, tag 0
*Dec 15 13:14:48.491: 	10.1.4.0/24 via 0.0.0.0, metric 2, tag 0
*Dec 15 13:14:48.491: 	172.16.0.0/24 via 0.0.0.0, metric 2, tag 0
*Dec 15 13:14:54.660: RIP: sending v2 update to 224.0.0.9 via GigabitEthernet0/0 (10.1.2.2)
*Dec 15 13:14:54.661: RIP: build update entries
*Dec 15 13:14:54.661: 	10.2.5.0/24 via 0.0.0.0, metric 1, tag 0
*Dec 15 13:14:54.664: 	10.3.5.0/24 via 0.0.0.0, metric 2, tag 0
*Dec 15 13:14:54.666: 	10.4.5.0/24 via 0.0.0.0, metric 2, tag 0
*Dec 15 13:14:54.667: 	192.168.0.0/24 via 0.0.0.0, metric 2, tag 0
*Dec 15 13:14:57.402: RIP: received v2 update from 10.1.2.1 on GigabitEthernet0/0
*Dec 15 13:14:57.403:      10.1.3.0/24 via 0.0.0.0 in 1 hops
*Dec 15 13:14:57.403:      10.1.4.0/24 via 0.0.0.0 in 1 hops
*Dec 15 13:14:57.403:      10.3.5.0/24 via 0.0.0.0 in 2 hops
*Dec 15 13:14:57.404:      10.4.5.0/24 via 0.0.0.0 in 2 hops
*Dec 15 13:14:57.405:      172.16.0.0/24 via 0.0.0.0 in 1 hops
*Dec 15 13:15:12.463: RIP: received v2 update from 10.2.5.5 on GigabitEthernet0/1
*Dec 15 13:15:12.464:      10.1.3.0/24 via 0.0.0.0 in 2 hops
*Dec 15 13:15:12.465:      10.1.4.0/24 via 0.0.0.0 in 2 hops
*Dec 15 13:15:12.465:      10.3.5.0/24 via 0.0.0.0 in 1 hops
*Dec 15 13:15:12.466:      10.4.5.0/24 via 0.0.0.0 in 1 hops
*Dec 15 13:15:12.466:      192.168.0.0/24 via 0.0.0.0 in 1 hops
*Dec 15 13:15:16.307: RIP: sending v2 update to 224.0.0.9 via GigabitEthernet0/1 (10.2.5.2)
*Dec 15 13:15:16.308: RIP: build update entries
*Dec 15 13:15:16.308: 	10.1.2.0/24 via 0.0.0.0, metric 1, tag 0
*Dec 15 13:15:16.309: 	10.1.3.0/24 via 0.0.0.0, metric 2, tag 0
*Dec 15 13:15:16.309: 	10.1.4.0/24 via 0.0.0.0, metric 2, tag 0
*Dec 15 13:15:16.310: 	172.16.0.0/24 via 0.0.0.0, metric 2, tag 0
*Dec 15 13:15:23.662: RIP: sending v2 update to 224.0.0.9 via GigabitEthernet0/0 (10.1.2.2)
*Dec 15 13:15:23.663: RIP: build update entries
*Dec 15 13:15:23.664: 	10.2.5.0/24 via 0.0.0.0, metric 1, tag 0
*Dec 15 13:15:23.664: 	10.3.5.0/24 via 0.0.0.0, metric 2, tag 0
*Dec 15 13:15:23.664: 	10.4.5.0/24 via 0.0.0.0, metric 2, tag 0
*Dec 15 13:15:23.665: 	192.168.0.0/24 via 0.0.0.0, metric 2, tag 0
*Dec 15 13:15:26.401: RIP: received v2 update from 10.1.2.1 on GigabitEthernet0/0
*Dec 15 13:15:26.402:      10.1.3.0/24 via 0.0.0.0 in 1 hops
*Dec 15 13:15:26.402:      10.1.4.0/24 via 0.0.0.0 in 1 hops
*Dec 15 13:15:26.403:      10.3.5.0/24 via 0.0.0.0 in 2 hops
*Dec 15 13:15:26.403:      10.4.5.0/24 via 0.0.0.0 in 2 hops
*Dec 15 13:15:26.404:      172.16.0.0/24 via 0.0.0.0 in 1 hops
*Dec 15 13:15:40.766: RIP: received v2 update from 10.2.5.5 on GigabitEthernet0/1
*Dec 15 13:15:40.767:      10.1.3.0/24 via 0.0.0.0 in 2 hops
*Dec 15 13:15:40.767:      10.1.4.0/24 via 0.0.0.0 in 2 hops
*Dec 15 13:15:40.768:      10.3.5.0/24 via 0.0.0.0 in 1 hops
*Dec 15 13:15:40.768:      10.4.5.0/24 via 0.0.0.0 in 1 hops
*Dec 15 13:15:40.769:      192.168.0.0/24 via 0.0.0.0 in 1 hops
*Dec 15 13:15:44.638: RIP: sending v2 update to 224.0.0.9 via GigabitEthernet0/1 (10.2.5.2)
*Dec 15 13:15:44.639: RIP: build update entries
*Dec 15 13:15:44.639: 	10.1.2.0/24 via 0.0.0.0, metric 1, tag 0
*Dec 15 13:15:44.640: 	10.1.3.0/24 via 0.0.0.0, metric 2, tag 0
*Dec 15 13:15:44.641: 	10.1.4.0/24 via 0.0.0.0, metric 2, tag 0
*Dec 15 13:15:44.641: 	172.16.0.0/24 via 0.0.0.0, metric 2, tag 0
*Dec 15 13:15:51.757: RIP: sending v2 update to 224.0.0.9 via GigabitEthernet0/0 (10.1.2.2)
*Dec 15 13:15:51.758: RIP: build update entries
*Dec 15 13:15:51.759: 	10.2.5.0/24 via 0.0.0.0, metric 1, tag 0
*Dec 15 13:15:51.760: 	10.3.5.0/24 via 0.0.0.0, metric 2, tag 0
*Dec 15 13:15:51.761: 	10.4.5.0/24 via 0.0.0.0, metric 2, tag 0
*Dec 15 13:15:51.762: 	192.168.0.0/24 via 0.0.0.0, metric 2, tag 0
*Dec 15 13:15:53.800: RIP: received v2 update from 10.1.2.1 on GigabitEthernet0/0
*Dec 15 13:15:53.800:      10.1.3.0/24 via 0.0.0.0 in 1 hops
*Dec 15 13:15:53.800:      10.1.4.0/24 via 0.0.0.0 in 1 hops
*Dec 15 13:15:53.803:      10.3.5.0/24 via 0.0.0.0 in 2 hops
*Dec 15 13:15:53.803:      10.4.5.0/24 via 0.0.0.0 in 2 hops
*Dec 15 13:15:53.804:      172.16.0.0/24 via 0.0.0.0 in 1 hops
*Dec 15 13:16:08.916: RIP: received v2 update from 10.2.5.5 on GigabitEthernet0/1
*Dec 15 13:16:08.916:      10.1.3.0/24 via 0.0.0.0 in 2 hops
*Dec 15 13:16:08.917:      10.1.4.0/24 via 0.0.0.0 in 2 hops
*Dec 15 13:16:08.918:      10.3.5.0/24 via 0.0.0.0 in 1 hops
*Dec 15 13:16:08.919:      10.4.5.0/24 via 0.0.0.0 in 1 hops
*Dec 15 13:16:08.919:      192.168.0.0/24 via 0.0.0.0 in 1 hops
*Dec 15 13:16:14.038: RIP: sending v2 update to 224.0.0.9 via GigabitEthernet0/1 (10.2.5.2)
*Dec 15 13:16:14.039: RIP: build update entries
*Dec 15 13:16:14.039: 	10.1.2.0/24 via 0.0.0.0, metric 1, tag 0
*Dec 15 13:16:14.041: 	10.1.3.0/24 via 0.0.0.0, metric 2, tag 0
*Dec 15 13:16:14.041: 	10.1.4.0/24 via 0.0.0.0, metric 2, tag 0
*Dec 15 13:16:14.041: 	172.16.0.0/24 via 0.0.0.0, metric 2, tag 0
*Dec 15 13:16:18.670: RIP: sending v2 update to 224.0.0.9 via GigabitEthernet0/0 (10.1.2.2)
*Dec 15 13:16:18.670: RIP: build update entries
*Dec 15 13:16:18.671: 	10.2.5.0/24 via 0.0.0.0, metric 1, tag 0
*Dec 15 13:16:18.671: 	10.3.5.0/24 via 0.0.0.0, metric 2, tag 0
*Dec 15 13:16:18.672: 	10.4.5.0/24 via 0.0.0.0, metric 2, tag 0
*Dec 15 13:16:18.672: 	192.168.0.0/24 via 0.0.0.0, metric 2, tag 0
*Dec 15 13:16:21.044: RIP: received v2 update from 10.1.2.1 on GigabitEthernet0/0
*Dec 15 13:16:21.045:      10.1.3.0/24 via 0.0.0.0 in 1 hops
*Dec 15 13:16:21.046:      10.1.4.0/24 via 0.0.0.0 in 1 hops
*Dec 15 13:16:21.046:      10.3.5.0/24 via 0.0.0.0 in 2 hops
*Dec 15 13:16:21.047:      10.4.5.0/24 via 0.0.0.0 in 2 hops
*Dec 15 13:16:21.047:      172.16.0.0/24 via 0.0.0.0 in 1 hops
*Dec 15 13:16:37.676: RIP: received v2 update from 10.2.5.5 on GigabitEthernet0/1
*Dec 15 13:16:37.677:      10.1.3.0/24 via 0.0.0.0 in 2 hops
*Dec 15 13:16:37.677:      10.1.4.0/24 via 0.0.0.0 in 2 hops
*Dec 15 13:16:37.678:      10.3.5.0/24 via 0.0.0.0 in 1 hops
*Dec 15 13:16:37.678:      10.4.5.0/24 via 0.0.0.0 in 1 hops
*Dec 15 13:16:37.680:      192.168.0.0/24 via 0.0.0.0 in 1 hops
*Dec 15 13:16:43.766: RIP: sending v2 update to 224.0.0.9 via GigabitEthernet0/1 (10.2.5.2)
*Dec 15 13:16:43.767: RIP: build update entries
*Dec 15 13:16:43.768: 	10.1.2.0/24 via 0.0.0.0, metric 1, tag 0
*Dec 15 13:16:43.769: 	10.1.3.0/24 via 0.0.0.0, metric 2, tag 0
*Dec 15 13:16:43.769: 	10.1.4.0/24 via 0.0.0.0, metric 2, tag 0
*Dec 15 13:16:43.770: 	172.16.0.0/24 via 0.0.0.0, metric 2, tag 0
*Dec 15 13:16:47.024: RIP: received v2 update from 10.1.2.1 on GigabitEthernet0/0
*Dec 15 13:16:47.025:      10.1.3.0/24 via 0.0.0.0 in 1 hops
*Dec 15 13:16:47.025:      10.1.4.0/24 via 0.0.0.0 in 1 hops
*Dec 15 13:16:47.026:      10.3.5.0/24 via 0.0.0.0 in 2 hops
*Dec 15 13:16:47.027:      10.4.5.0/24 via 0.0.0.0 in 2 hops
*Dec 15 13:16:47.027:      172.16.0.0/24 via 0.0.0.0 in 1 hops
*Dec 15 13:16:47.705: RIP: sending v2 update to 224.0.0.9 via GigabitEthernet0/0 (10.1.2.2)
*Dec 15 13:16:47.705: RIP: build update entries
*Dec 15 13:16:47.706: 	10.2.5.0/24 via 0.0.0.0, metric 1, tag 0
*Dec 15 13:16:47.707: 	10.3.5.0/24 via 0.0.0.0, metric 2, tag 0
*Dec 15 13:16:47.708: 	10.4.5.0/24 via 0.0.0.0, metric 2, tag 0
*Dec 15 13:16:47.709: 	192.168.0.0/24 via 0.0.0.0, metric 2, tag 0
*Dec 15 13:17:03.138: RIP: received v2 update from 10.1.2.1 on GigabitEthernet0/0
*Dec 15 13:17:03.138:      1.1.1.1/32 via 0.0.0.0 in 1 hops
*Dec 15 13:17:03.139:      1.1.1.2/32 via 0.0.0.0 in 1 hops
*Dec 15 13:17:05.140: RIP: sending v2 flash update to 224.0.0.9 via GigabitEthernet0/0 (10.1.2.2)
*Dec 15 13:17:05.141: RIP: build flash update entries - suppressing null update
*Dec 15 13:17:05.142: RIP: sending v2 flash update to 224.0.0.9 via GigabitEthernet0/1 (10.2.5.2)
*Dec 15 13:17:05.142: RIP: build flash update entries
*Dec 15 13:17:05.143: 	1.1.1.1/32 via 0.0.0.0, metric 2, tag 0
*Dec 15 13:17:05.143: 	1.1.1.2/32 via 0.0.0.0, metric 2, tag 0
*Dec 15 13:17:05.654: RIP: received v2 update from 10.2.5.5 on GigabitEthernet0/1
*Dec 15 13:17:05.655:      10.1.3.0/24 via 0.0.0.0 in 2 hops
*Dec 15 13:17:05.656:      10.1.4.0/24 via 0.0.0.0 in 2 hops
*Dec 15 13:17:05.656:      10.3.5.0/24 via 0.0.0.0 in 1 hops
*Dec 15 13:17:05.657:      10.4.5.0/24 via 0.0.0.0 in 1 hops
*Dec 15 13:17:05.658:      192.168.0.0/24 via 0.0.0.0 in 1 hops
*Dec 15 13:17:09.749: RIP: sending v2 update to 224.0.0.9 via GigabitEthernet0/1 (10.2.5.2)
*Dec 15 13:17:09.750: RIP: build update entries
*Dec 15 13:17:09.750: 	1.1.1.1/32 via 0.0.0.0, metric 2, tag 0
*Dec 15 13:17:09.751: 	1.1.1.2/32 via 0.0.0.0, metric 2, tag 0
*Dec 15 13:17:09.751: 	10.1.2.0/24 via 0.0.0.0, metric 1, tag 0
*Dec 15 13:17:09.752: 	10.1.3.0/24 via 0.0.0.0, metric 2, tag 0
*Dec 15 13:17:09.752: 	10.1.4.0/24 via 0.0.0.0, metric 2, tag 0
*Dec 15 13:17:09.753: 	172.16.0.0/24 via 0.0.0.0, metric 2, tag 0
*Dec 15 13:17:14.327: RIP: received v2 update from 10.1.2.1 on GigabitEthernet0/0
*Dec 15 13:17:14.328:      1.1.1.1/32 via 0.0.0.0 in 1 hops
*Dec 15 13:17:14.329:      1.1.1.2/32 via 0.0.0.0 in 1 hops
*Dec 15 13:17:14.329:      10.1.3.0/24 via 0.0.0.0 in 1 hops
*Dec 15 13:17:14.330:      10.1.4.0/24 via 0.0.0.0 in 1 hops
*Dec 15 13:17:14.331:      10.3.5.0/24 via 0.0.0.0 in 2 hops
*Dec 15 13:17:14.331:      10.4.5.0/24 via 0.0.0.0 in 2 hops
*Dec 15 13:17:14.332:      172.16.0.0/24 via 0.0.0.0 in 1 hops
*Dec 15 13:17:14.978: RIP: sending v2 update to 224.0.0.9 via GigabitEthernet0/0 (10.1.2.2)
*Dec 15 13:17:14.979: RIP: build update entries
*Dec 15 13:17:14.979: 	10.2.5.0/24 via 0.0.0.0, metric 1, tag 0
*Dec 15 13:17:14.980: 	10.3.5.0/24 via 0.0.0.0, metric 2, tag 0
*Dec 15 13:17:14.981: 	10.4.5.0/24 via 0.0.0.0, metric 2, tag 0
*Dec 15 13:17:14.981: 	192.168.0.0/24 via 0.0.0.0, metric 2, tag 0
*Dec 15 13:17:31.751: RIP: received v2 update from 10.2.5.5 on GigabitEthernet0/1
*Dec 15 13:17:31.752:      10.1.3.0/24 via 0.0.0.0 in 2 hops
*Dec 15 13:17:31.753:      10.1.4.0/24 via 0.0.0.0 in 2 hops
*Dec 15 13:17:31.753:      10.3.5.0/24 via 0.0.0.0 in 1 hops
*Dec 15 13:17:31.754:      10.4.5.0/24 via 0.0.0.0 in 1 hops
*Dec 15 13:17:31.754:      192.168.0.0/24 via 0.0.0.0 in 1 hops
*Dec 15 13:17:36.798: RIP: sending v2 update to 224.0.0.9 via GigabitEthernet0/1 (10.2.5.2)
*Dec 15 13:17:36.799: RIP: build update entries
*Dec 15 13:17:36.799: 	1.1.1.1/32 via 0.0.0.0, metric 2, tag 0
*Dec 15 13:17:36.799: 	1.1.1.2/32 via 0.0.0.0, metric 2, tag 0
*Dec 15 13:17:36.800: 	10.1.2.0/24 via 0.0.0.0, metric 1, tag 0
*Dec 15 13:17:36.800: 	10.1.3.0/24 via 0.0.0.0, metric 2, tag 0
*Dec 15 13:17:36.801: 	10.1.4.0/24 via 0.0.0.0, metric 2, tag 0
*Dec 15 13:17:36.801: 	172.16.0.0/24 via 0.0.0.0, metric 2, tag 0
*Dec 15 13:17:41.049: RIP: received v2 update from 10.1.2.1 on GigabitEthernet0/0
*Dec 15 13:17:41.050:      1.1.1.1/32 via 0.0.0.0 in 1 hops
*Dec 15 13:17:41.050:      1.1.1.2/32 via 0.0.0.0 in 1 hops
*Dec 15 13:17:41.051:      10.1.3.0/24 via 0.0.0.0 in 1 hops
*Dec 15 13:17:41.051:      10.1.4.0/24 via 0.0.0.0 in 1 hops
*Dec 15 13:17:41.052:      10.3.5.0/24 via 0.0.0.0 in 2 hops
*Dec 15 13:17:41.052:      10.4.5.0/24 via 0.0.0.0 in 2 hops
*Dec 15 13:17:41.053:      172.16.0.0/24 via 0.0.0.0 in 1 hops
*Dec 15 13:17:41.343: RIP: sending v2 update to 224.0.0.9 via GigabitEthernet0/0 (10.1.2.2)
*Dec 15 13:17:41.344: RIP: build update entries
*Dec 15 13:17:41.344: 	10.2.5.0/24 via 0.0.0.0, metric 1, tag 0
*Dec 15 13:17:41.345: 	10.3.5.0/24 via 0.0.0.0, metric 2, tag 0
*Dec 15 13:17:41.345: 	10.4.5.0/24 via 0.0.0.0, metric 2, tag 0
*Dec 15 13:17:41.345: 	192.168.0.0/24 via 0.0.0.0, metric 2, tag 0
*Dec 15 13:18:01.299: RIP: received v2 update from 10.2.5.5 on GigabitEthernet0/1
*Dec 15 13:18:01.299:      10.1.3.0/24 via 0.0.0.0 in 2 hops
*Dec 15 13:18:01.300:      10.1.4.0/24 via 0.0.0.0 in 2 hops
*Dec 15 13:18:01.300:      10.3.5.0/24 via 0.0.0.0 in 1 hops
*Dec 15 13:18:01.300:      10.4.5.0/24 via 0.0.0.0 in 1 hops
*Dec 15 13:18:01.301:      192.168.0.0/24 via 0.0.0.0 in 1 hops
*Dec 15 13:18:04.537: RIP: sending v2 update to 224.0.0.9 via GigabitEthernet0/1 (10.2.5.2)
*Dec 15 13:18:04.538: RIP: build update entries
*Dec 15 13:18:04.539: 	1.1.1.1/32 via 0.0.0.0, metric 2, tag 0
*Dec 15 13:18:04.540: 	1.1.1.2/32 via 0.0.0.0, metric 2, tag 0
*Dec 15 13:18:04.540: 	10.1.2.0/24 via 0.0.0.0, metric 1, tag 0
*Dec 15 13:18:04.541: 	10.1.3.0/24 via 0.0.0.0, metric 2, tag 0
*Dec 15 13:18:04.541: 	10.1.4.0/24 via 0.0.0.0, metric 2, tag 0
*Dec 15 13:18:04.542: 	172.16.0.0/24 via 0.0.0.0, metric 2, tag 0
*Dec 15 13:18:06.894: RIP: received v2 update from 10.1.2.1 on GigabitEthernet0/0
*Dec 15 13:18:06.895:      1.1.1.1/32 via 0.0.0.0 in 1 hops
*Dec 15 13:18:06.895:      1.1.1.2/32 via 0.0.0.0 in 1 hops
*Dec 15 13:18:06.896:      10.1.3.0/24 via 0.0.0.0 in 1 hops
*Dec 15 13:18:06.896:      10.1.4.0/24 via 0.0.0.0 in 1 hops
*Dec 15 13:18:06.897:      10.3.5.0/24 via 0.0.0.0 in 2 hops
*Dec 15 13:18:06.897:      10.4.5.0/24 via 0.0.0.0 in 2 hops
*Dec 15 13:18:06.897:      172.16.0.0/24 via 0.0.0.0 in 1 hops
*Dec 15 13:18:10.842: RIP: sending v2 update to 224.0.0.9 via GigabitEthernet0/0 (10.1.2.2)
*Dec 15 13:18:10.844: RIP: build update entries
*Dec 15 13:18:10.844: 	10.2.5.0/24 via 0.0.0.0, metric 1, tag 0
*Dec 15 13:18:10.845: 	10.3.5.0/24 via 0.0.0.0, metric 2, tag 0
*Dec 15 13:18:10.846: 	10.4.5.0/24 via 0.0.0.0, metric 2, tag 0
*Dec 15 13:18:10.846: 	192.168.0.0/24 via 0.0.0.0, metric 2, tag 0
*Dec 15 13:18:26.921: RIP: received v2 update from 10.2.5.5 on GigabitEthernet0/1
*Dec 15 13:18:26.922:      10.1.3.0/24 via 0.0.0.0 in 2 hops
*Dec 15 13:18:26.923:      10.1.4.0/24 via 0.0.0.0 in 2 hops
*Dec 15 13:18:26.924:      10.3.5.0/24 via 0.0.0.0 in 1 hops
*Dec 15 13:18:26.924:      10.4.5.0/24 via 0.0.0.0 in 1 hops
*Dec 15 13:18:26.925:      192.168.0.0/24 via 0.0.0.0 in 1 hops
*Dec 15 13:18:32.181: RIP: sending v2 update to 224.0.0.9 via GigabitEthernet0/1 (10.2.5.2)
*Dec 15 13:18:32.182: RIP: build update entries
*Dec 15 13:18:32.182: 	1.1.1.1/32 via 0.0.0.0, metric 2, tag 0
*Dec 15 13:18:32.183: 	1.1.1.2/32 via 0.0.0.0, metric 2, tag 0
*Dec 15 13:18:32.183: 	10.1.2.0/24 via 0.0.0.0, metric 1, tag 0
*Dec 15 13:18:32.184: 	10.1.3.0/24 via 0.0.0.0, metric 2, tag 0
*Dec 15 13:18:32.184: 	10.1.4.0/24 via 0.0.0.0, metric 2, tag 0
*Dec 15 13:18:32.185: 	172.16.0.0/24 via 0.0.0.0, metric 2, tag 0

































R2 con0 is now available





Press RETURN to get started.



*Dec 15 13:18:35.856: RIP: received v2 update from 10.1.2.1 on GigabitEthernet0/0
*Dec 15 13:18:35.856:      1.1.1.1/32 via 0.0.0.0 in 1 hops
*Dec 15 13:18:35.857:      1.1.1.2/32 via 0.0.0.0 in 1 hops
*Dec 15 13:18:35.858:      10.1.3.0/24 via 0.0.0.0 in 1 hops
*Dec 15 13:18:35.858:      10.1.4.0/24 via 0.0.0.0 in 1 hops
*Dec 15 13:18:35.859:      10.3.5.0/24 via 0.0.0.0 in 2 hops
*Dec 15 13:18:35.859:      10.4.5.0/24 via 0.0.0.0 in 2 hops
*Dec 15 13:18:35.859:      172.16.0.0/24 via 0.0.0.0 in 1 hops
*Dec 15 13:18:37.913: RIP: sending v2 update to 224.0.0.9 via GigabitEthernet0/0 (10.1.2.2)
*Dec 15 13:18:37.914: RIP: build update entries
*Dec 15 13:18:37.914: 	10.2.5.0/24 via 0.0.0.0, metric 1, tag 0
*Dec 15 13:18:37.915: 	10.3.5.0/24 via 0.0.0.0, metric 2, tag 0
*Dec 15 13:18:37.915: 	10.4.5.0/24 via 0.0.0.0, metric 2, tag 0
*Dec 15 13:18:37.916: 	192.168.0.0/24 via 0.0.0.0, metric 2, tag 0
*Dec 15 13:18:55.880: RIP: received v2 update from 10.2.5.5 on GigabitEthernet0/1
*Dec 15 13:18:55.881:      10.1.3.0/24 via 0.0.0.0 in 2 hops
*Dec 15 13:18:55.882:      10.1.4.0/24 via 0.0.0.0 in 2 hops
*Dec 15 13:18:55.882:      10.3.5.0/24 via 0.0.0.0 in 1 hops
*Dec 15 13:18:55.883:      10.4.5.0/24 via 0.0.0.0 in 1 hops
*Dec 15 13:18:55.883:      192.168.0.0/24 via 0.0.0.0 in 1 hops
*Dec 15 13:19:01.266: RIP: received v2 update from 10.1.2.1 on GigabitEthernet0/0
*Dec 15 13:19:01.266:      1.1.1.1/32 via 0.0.0.0 in 1 hops
*Dec 15 13:19:01.267:      1.1.1.2/32 via 0.0.0.0 in 1 hops
*Dec 15 13:19:01.268:      10.1.3.0/24 via 0.0.0.0 in 1 hops
*Dec 15 13:19:01.268:      10.1.4.0/24 via 0.0.0.0 in 1 hops
*Dec 15 13:19:01.269:      10.3.5.0/24 via 0.0.0.0 in 2 hops
*Dec 15 13:19:01.269:      10.4.5.0/24 via 0.0.0.0 in 2 hops
*Dec 15 13:19:01.270:      172.16.0.0/24 via 0.0.0.0 in 1 hops
*Dec 15 13:19:01.299: RIP: sending v2 update to 224.0.0.9 via GigabitEthernet0/1 (10.2.5.2)
*Dec 15 13:19:01.299: RIP: build update entries
*Dec 15 13:19:01.299: 	1.1.1.1/32 via 0.0.0.0, metric 2, tag 0
*Dec 15 13:19:01.300: 	1.1.1.2/32 via 0.0.0.0, metric 2, tag 0
*Dec 15 13:19:01.301: 	10.1.2.0/24 via 0.0.0.0, metric 1, tag 0
*Dec 15 13:19:01.301: 	10.1.3.0/24 via 0.0.0.0, metric 2, tag 0
*Dec 15 13:19:01.302: 	10.1.4.0/24 via 0.0.0.0, metric 2, tag 0
*Dec 15 13:19:01.302: 	172.16.0.0/24 via 0.0.0.0, metric 2, tag 0
*Dec 15 13:19:07.733: RIP: sending v2 update to 224.0.0.9 via GigabitEthernet0/0 (10.1.2.2)
*Dec 15 13:19:07.734: RIP: build update entries
*Dec 15 13:19:07.735: 	10.2.5.0/24 via 0.0.0.0, metric 1, tag 0
*Dec 15 13:19:07.735: 	10.3.5.0/24 via 0.0.0.0, metric 2, tag 0
*Dec 15 13:19:07.736: 	10.4.5.0/24 via 0.0.0.0, metric 2, tag 0
*Dec 15 13:19:07.736: 	192.168.0.0/24 via 0.0.0.0, metric 2, tag 0
*Dec 15 13:19:23.400: RIP: received v2 update from 10.2.5.5 on GigabitEthernet0/1
*Dec 15 13:19:23.400:      10.1.3.0/24 via 0.0.0.0 in 2 hops
*Dec 15 13:19:23.402:      10.1.4.0/24 via 0.0.0.0 in 2 hops
*Dec 15 13:19:23.403:      10.3.5.0/24 via 0.0.0.0 in 1 hops
*Dec 15 13:19:23.404:      10.4.5.0/24 via 0.0.0.0 in 1 hops
*Dec 15 13:19:23.406:      192.168.0.0/24 via 0.0.0.0 in 1 hops
*Dec 15 13:19:28.914: RIP: sending v2 update to 224.0.0.9 via GigabitEthernet0/1 (10.2.5.2)
*Dec 15 13:19:28.915: RIP: build update entries
*Dec 15 13:19:28.915: 	1.1.1.1/32 via 0.0.0.0, metric 2, tag 0
*Dec 15 13:19:28.916: 	1.1.1.2/32 via 0.0.0.0, metric 2, tag 0
*Dec 15 13:19:28.916: 	10.1.2.0/24 via 0.0.0.0, metric 1, tag 0
*Dec 15 13:19:28.917: 	10.1.3.0/24 via 0.0.0.0, metric 2, tag 0
*Dec 15 13:19:28.917: 	10.1.4.0/24 via 0.0.0.0, metric 2, tag 0
*Dec 15 13:19:28.918: 	172.16.0.0/24 via 0.0.0.0, metric 2, tag 0
*Dec 15 13:19:29.326: RIP: received v2 update from 10.1.2.1 on GigabitEthernet0/0
*Dec 15 13:19:29.327:      1.1.1.1/32 via 0.0.0.0 in 1 hops
*Dec 15 13:19:29.327:      1.1.1.2/32 via 0.0.0.0 in 1 hops
*Dec 15 13:19:29.328:      10.1.3.0/24 via 0.0.0.0 in 1 hops
*Dec 15 13:19:29.329:      10.1.4.0/24 via 0.0.0.0 in 1 hops
*Dec 15 13:19:29.329:      10.3.5.0/24 via 0.0.0.0 in 2 hops
*Dec 15 13:19:29.329:      10.4.5.0/24 via 0.0.0.0 in 2 hops
*Dec 15 13:19:29.330:      172.16.0.0/24 via 0.0.0.0 in 1 hops
*Dec 15 13:19:36.049: RIP: sending v2 update to 224.0.0.9 via GigabitEthernet0/0 (10.1.2.2)
*Dec 15 13:19:36.050: RIP: build update entries
*Dec 15 13:19:36.051: 	10.2.5.0/24 via 0.0.0.0, metric 1, tag 0
*Dec 15 13:19:36.052: 	10.3.5.0/24 via 0.0.0.0, metric 2, tag 0
*Dec 15 13:19:36.052: 	10.4.5.0/24 via 0.0.0.0, metric 2, tag 0
*Dec 15 13:19:36.053: 	192.168.0.0/24 via 0.0.0.0, metric 2, tag 0
*Dec 15 13:19:50.354: RIP: received v2 update from 10.2.5.5 on GigabitEthernet0/1
*Dec 15 13:19:50.355:      10.1.3.0/24 via 0.0.0.0 in 2 hops
*Dec 15 13:19:50.356:      10.1.4.0/24 via 0.0.0.0 in 2 hops
*Dec 15 13:19:50.356:      10.3.5.0/24 via 0.0.0.0 in 1 hops
*Dec 15 13:19:50.357:      10.4.5.0/24 via 0.0.0.0 in 1 hops
*Dec 15 13:19:50.359:      192.168.0.0/24 via 0.0.0.0 in 1 hops
*Dec 15 13:19:54.746: RIP: sending v2 update to 224.0.0.9 via GigabitEthernet0/1 (10.2.5.2)
*Dec 15 13:19:54.747: RIP: build update entries
*Dec 15 13:19:54.748: 	1.1.1.1/32 via 0.0.0.0, metric 2, tag 0
*Dec 15 13:19:54.748: 	1.1.1.2/32 via 0.0.0.0, metric 2, tag 0
*Dec 15 13:19:54.748: 	10.1.2.0/24 via 0.0.0.0, metric 1, tag 0
*Dec 15 13:19:54.749: 	10.1.3.0/24 via 0.0.0.0, metric 2, tag 0
*Dec 15 13:19:54.749: 	10.1.4.0/24 via 0.0.0.0, metric 2, tag 0
*Dec 15 13:19:54.750: 	172.16.0.0/24 via 0.0.0.0, metric 2, tag 0
*Dec 15 13:19:54.801: RIP: received v2 update from 10.1.2.1 on GigabitEthernet0/0
*Dec 15 13:19:54.802:      1.1.1.1/32 via 0.0.0.0 in 1 hops
*Dec 15 13:19:54.802:      1.1.1.2/32 via 0.0.0.0 in 1 hops
*Dec 15 13:19:54.803:      10.1.3.0/24 via 0.0.0.0 in 1 hops
*Dec 15 13:19:54.803:      10.1.4.0/24 via 0.0.0.0 in 1 hops
*Dec 15 13:19:54.803:      10.3.5.0/24 via 0.0.0.0 in 2 hops
*Dec 15 13:19:54.804:      10.4.5.0/24 via 0.0.0.0 in 2 hops
*Dec 15 13:19:54.804:      172.16.0.0/24 via 0.0.0.0 in 1 hops
*Dec 15 13:20:04.322: RIP: sending v2 update to 224.0.0.9 via GigabitEthernet0/0 (10.1.2.2)
*Dec 15 13:20:04.323: RIP: build update entries
*Dec 15 13:20:04.324: 	10.2.5.0/24 via 0.0.0.0, metric 1, tag 0
*Dec 15 13:20:04.325: 	10.3.5.0/24 via 0.0.0.0, metric 2, tag 0
*Dec 15 13:20:04.326: 	10.4.5.0/24 via 0.0.0.0, metric 2, tag 0
*Dec 15 13:20:04.326: 	192.168.0.0/24 via 0.0.0.0, metric 2, tag 0
*Dec 15 13:20:17.619: RIP: received v2 update from 10.2.5.5 on GigabitEthernet0/1
*Dec 15 13:20:17.619:      10.1.3.0/24 via 0.0.0.0 in 2 hops
*Dec 15 13:20:17.619:      10.1.4.0/24 via 0.0.0.0 in 2 hops
*Dec 15 13:20:17.620:      10.3.5.0/24 via 0.0.0.0 in 1 hops
*Dec 15 13:20:17.621:      10.4.5.0/24 via 0.0.0.0 in 1 hops
*Dec 15 13:20:17.621:      192.168.0.0/24 via 0.0.0.0 in 1 hops
*Dec 15 13:20:20.749: RIP: received v2 update from 10.1.2.1 on GigabitEthernet0/0
*Dec 15 13:20:20.750:      1.1.1.1/32 via 0.0.0.0 in 1 hops
*Dec 15 13:20:20.751:      1.1.1.2/32 via 0.0.0.0 in 1 hops
*Dec 15 13:20:20.751:      10.1.3.0/24 via 0.0.0.0 in 1 hops
*Dec 15 13:20:20.752:      10.1.4.0/24 via 0.0.0.0 in 1 hops
*Dec 15 13:20:20.753:      10.3.5.0/24 via 0.0.0.0 in 2 hops
*Dec 15 13:20:20.753:      10.4.5.0/24 via 0.0.0.0 in 2 hops
*Dec 15 13:20:20.754:      172.16.0.0/24 via 0.0.0.0 in 1 hops
*Dec 15 13:20:24.600: RIP: sending v2 update to 224.0.0.9 via GigabitEthernet0/1 (10.2.5.2)
*Dec 15 13:20:24.600: RIP: build update entries
*Dec 15 13:20:24.601: 	1.1.1.1/32 via 0.0.0.0, metric 2, tag 0
*Dec 15 13:20:24.602: 	1.1.1.2/32 via 0.0.0.0, metric 2, tag 0
*Dec 15 13:20:24.602: 	10.1.2.0/24 via 0.0.0.0, metric 1, tag 0
*Dec 15 13:20:24.603: 	10.1.3.0/24 via 0.0.0.0, metric 2, tag 0
*Dec 15 13:20:24.603: 	10.1.4.0/24 via 0.0.0.0, metric 2, tag 0
*Dec 15 13:20:24.604: 	172.16.0.0/24 via 0.0.0.0, metric 2, tag 0
*Dec 15 13:20:31.884: RIP: sending v2 update to 224.0.0.9 via GigabitEthernet0/0 (10.1.2.2)
*Dec 15 13:20:31.885: RIP: build update entries
*Dec 15 13:20:31.885: 	10.2.5.0/24 via 0.0.0.0, metric 1, tag 0
*Dec 15 13:20:31.886: 	10.3.5.0/24 via 0.0.0.0, metric 2, tag 0
*Dec 15 13:20:31.886: 	10.4.5.0/24 via 0.0.0.0, metric 2, tag 0
*Dec 15 13:20:31.886: 	192.168.0.0/24 via 0.0.0.0, metric 2, tag 0
*Dec 15 13:20:45.215: RIP: received v2 update from 10.2.5.5 on GigabitEthernet0/1
*Dec 15 13:20:45.216:      10.1.3.0/24 via 0.0.0.0 in 2 hops
*Dec 15 13:20:45.216:      10.1.4.0/24 via 0.0.0.0 in 2 hops
*Dec 15 13:20:45.217:      10.3.5.0/24 via 0.0.0.0 in 1 hops
*Dec 15 13:20:45.217:      10.4.5.0/24 via 0.0.0.0 in 1 hops
*Dec 15 13:20:45.218:      192.168.0.0/24 via 0.0.0.0 in 1 hops
*Dec 15 13:20:46.396: RIP: received v2 update from 10.1.2.1 on GigabitEthernet0/0
*Dec 15 13:20:46.397:      1.1.1.1/32 via 0.0.0.0 in 1 hops
*Dec 15 13:20:46.397:      1.1.1.2/32 via 0.0.0.0 in 1 hops
*Dec 15 13:20:46.398:      10.1.3.0/24 via 0.0.0.0 in 1 hops
*Dec 15 13:20:46.398:      10.1.4.0/24 via 0.0.0.0 in 1 hops
*Dec 15 13:20:46.399:      10.3.5.0/24 via 0.0.0.0 in 2 hops
*Dec 15 13:20:46.399:      10.4.5.0/24 via 0.0.0.0 in 2 hops
*Dec 15 13:20:46.399:      172.16.0.0/24 via 0.0.0.0 in 1 hops
*Dec 15 13:20:50.114: RIP: sending v2 update to 224.0.0.9 via GigabitEthernet0/1 (10.2.5.2)
*Dec 15 13:20:50.115: RIP: build update entries
*Dec 15 13:20:50.115: 	1.1.1.1/32 via 0.0.0.0, metric 2, tag 0
*Dec 15 13:20:50.116: 	1.1.1.2/32 via 0.0.0.0, metric 2, tag 0
*Dec 15 13:20:50.116: 	10.1.2.0/24 via 0.0.0.0, metric 1, tag 0
*Dec 15 13:20:50.116: 	10.1.3.0/24 via 0.0.0.0, metric 2, tag 0
*Dec 15 13:20:50.117: 	10.1.4.0/24 via 0.0.0.0, metric 2, tag 0
*Dec 15 13:20:50.117: 	172.16.0.0/24 via 0.0.0.0, metric 2, tag 0
*Dec 15 13:21:01.048: RIP: sending v2 update to 224.0.0.9 via GigabitEthernet0/0 (10.1.2.2)
*Dec 15 13:21:01.048: RIP: build update entries
*Dec 15 13:21:01.049: 	10.2.5.0/24 via 0.0.0.0, metric 1, tag 0
*Dec 15 13:21:01.050: 	10.3.5.0/24 via 0.0.0.0, metric 2, tag 0
*Dec 15 13:21:01.051: 	10.4.5.0/24 via 0.0.0.0, metric 2, tag 0
*Dec 15 13:21:01.051: 	192.168.0.0/24 via 0.0.0.0, metric 2, tag 0
*Dec 15 13:21:12.395: RIP: received v2 update from 10.1.2.1 on GigabitEthernet0/0
*Dec 15 13:21:12.396:      1.1.1.1/32 via 0.0.0.0 in 1 hops
*Dec 15 13:21:12.396:      1.1.1.2/32 via 0.0.0.0 in 1 hops
*Dec 15 13:21:12.397:      10.1.3.0/24 via 0.0.0.0 in 1 hops
*Dec 15 13:21:12.397:      10.1.4.0/24 via 0.0.0.0 in 1 hops
*Dec 15 13:21:12.398:      10.3.5.0/24 via 0.0.0.0 in 2 hops
*Dec 15 13:21:12.399:      10.4.5.0/24 via 0.0.0.0 in 2 hops
*Dec 15 13:21:12.399:      172.16.0.0/24 via 0.0.0.0 in 1 hops
*Dec 15 13:21:12.406: RIP: received v2 update from 10.2.5.5 on GigabitEthernet0/1
*Dec 15 13:21:12.406:      10.1.3.0/24 via 0.0.0.0 in 2 hops
*Dec 15 13:21:12.407:      10.1.4.0/24 via 0.0.0.0 in 2 hops
*Dec 15 13:21:12.407:      10.3.5.0/24 via 0.0.0.0 in 1 hops
*Dec 15 13:21:12.408:      10.4.5.0/24 via 0.0.0.0 in 1 hops
*Dec 15 13:21:12.408:      192.168.0.0/24 via 0.0.0.0 in 1 hops
*Dec 15 13:21:16.850: RIP: sending v2 update to 224.0.0.9 via GigabitEthernet0/1 (10.2.5.2)
*Dec 15 13:21:16.851: RIP: build update entries
*Dec 15 13:21:16.851: 	1.1.1.1/32 via 0.0.0.0, metric 2, tag 0
*Dec 15 13:21:16.852: 	1.1.1.2/32 via 0.0.0.0, metric 2, tag 0
*Dec 15 13:21:16.852: 	10.1.2.0/24 via 0.0.0.0, metric 1, tag 0
*Dec 15 13:21:16.853: 	10.1.3.0/24 via 0.0.0.0, metric 2, tag 0
*Dec 15 13:21:16.854: 	10.1.4.0/24 via 0.0.0.0, metric 2, tag 0
*Dec 15 13:21:16.854: 	172.16.0.0/24 via 0.0.0.0, metric 2, tag 0
*Dec 15 13:21:28.167: RIP: sending v2 update to 224.0.0.9 via GigabitEthernet0/0 (10.1.2.2)
*Dec 15 13:21:28.168: RIP: build update entries
*Dec 15 13:21:28.169: 	10.2.5.0/24 via 0.0.0.0, metric 1, tag 0
*Dec 15 13:21:28.170: 	10.3.5.0/24 via 0.0.0.0, metric 2, tag 0
*Dec 15 13:21:28.170: 	10.4.5.0/24 via 0.0.0.0, metric 2, tag 0
*Dec 15 13:21:28.171: 	192.168.0.0/24 via 0.0.0.0, metric 2, tag 0
*Dec 15 13:21:40.833: RIP: received v2 update from 10.2.5.5 on GigabitEthernet0/1
*Dec 15 13:21:40.834:      10.1.3.0/24 via 0.0.0.0 in 2 hops
*Dec 15 13:21:40.835:      10.1.4.0/24 via 0.0.0.0 in 2 hops
*Dec 15 13:21:40.836:      10.3.5.0/24 via 0.0.0.0 in 1 hops
*Dec 15 13:21:40.837:      10.4.5.0/24 via 0.0.0.0 in 1 hops
*Dec 15 13:21:40.837:      192.168.0.0/24 via 0.0.0.0 in 1 hops
*Dec 15 13:21:41.156: RIP: received v2 update from 10.1.2.1 on GigabitEthernet0/0
*Dec 15 13:21:41.157:      1.1.1.1/32 via 0.0.0.0 in 1 hops
*Dec 15 13:21:41.158:      1.1.1.2/32 via 0.0.0.0 in 1 hops
*Dec 15 13:21:41.158:      10.1.3.0/24 via 0.0.0.0 in 1 hops
*Dec 15 13:21:41.159:      10.1.4.0/24 via 0.0.0.0 in 1 hops
*Dec 15 13:21:41.160:      10.3.5.0/24 via 0.0.0.0 in 2 hops
*Dec 15 13:21:41.160:      10.4.5.0/24 via 0.0.0.0 in 2 hops
*Dec 15 13:21:41.161:      172.16.0.0/24 via 0.0.0.0 in 1 hops
*Dec 15 13:21:43.868: RIP: sending v2 update to 224.0.0.9 via GigabitEthernet0/1 (10.2.5.2)
*Dec 15 13:21:43.869: RIP: build update entries
*Dec 15 13:21:43.870: 	1.1.1.1/32 via 0.0.0.0, metric 2, tag 0
*Dec 15 13:21:43.870: 	1.1.1.2/32 via 0.0.0.0, metric 2, tag 0
*Dec 15 13:21:43.871: 	10.1.2.0/24 via 0.0.0.0, metric 1, tag 0
*Dec 15 13:21:43.871: 	10.1.3.0/24 via 0.0.0.0, metric 2, tag 0
*Dec 15 13:21:43.872: 	10.1.4.0/24 via 0.0.0.0, metric 2, tag 0
*Dec 15 13:21:43.873: 	172.16.0.0/24 via 0.0.0.0, metric 2, tag 0
*Dec 15 13:21:55.904: RIP: sending v2 update to 224.0.0.9 via GigabitEthernet0/0 (10.1.2.2)
*Dec 15 13:21:55.905: RIP: build update entries
*Dec 15 13:21:55.905: 	10.2.5.0/24 via 0.0.0.0, metric 1, tag 0
*Dec 15 13:21:55.906: 	10.3.5.0/24 via 0.0.0.0, metric 2, tag 0
*Dec 15 13:21:55.906: 	10.4.5.0/24 via 0.0.0.0, metric 2, tag 0
*Dec 15 13:21:55.907: 	192.168.0.0/24 via 0.0.0.0, metric 2, tag 0C
**************************************************************************
* IOSv is strictly limited to use for evaluation, demonstration and IOS  *
* education. IOSv is provided as-is and is not supported by Cisco's      *
* Technical Advisory Center. Any use or disclosure, in whole or in part, *
* of the IOSv Software or Documentation to any third party for any       *
* purposes is expressly prohibited except as otherwise authorized by     *
* Cisco in writing.                                                      *
**************************************************************************
R2>en
R2#undebug all
All possible debugging has been turned off
R2#
*Dec 15 13:22:08.607: RIP: received v2 update from 10.2.5.5 on GigabitEthernet0/1
*Dec 15 13:22:08.608:      10.1.3.0/24 via 0.0.0.0 in 2 hops
*Dec 15 13:22:08.608:      10.1.4.0/24 via 0.0.0.0 in 2 hops
*Dec 15 13:22:08.609:      10.3.5.0/24 via 0.0.0.0 in 1 hops
*Dec 15 13:22:08.609:      10.4.5.0/24 via 0.0.0.0 in 1 hops
*Dec 15 13:22:08.610:      192.168.0.0/24 via 0.0.0.0 in 1 hops
*Dec 15 13:22:09.838: RIP: sending v2 update to 224.0.0.9 via GigabitEthernet0/1 (10.2.5.2)
*Dec 15 13:22:09.839: RIP: build update entries
*Dec 15 13:22:09.839: 	1.1.1.1/32 via 0.0.0.0, metric 2, tag 0
*Dec 15 13:22:09.840: 	1.1.1.2/32 via 0.0.0.0, metric 2, tag 0
*Dec 15 13:22:09.841: 	10.1.2.0/24 via 0.0.0.0, metric 1, tag 0
*Dec 15 13:22:09.841: 	10.1.3.0/24 via 0.0.0.0, metric 2, tag 0
*Dec 15 13:22:09.842: 	10.1.4.0/24 via 0.0.0.0, metric 2, tag 0
*Dec 15 13:22:09.843: 	172.16.0.0/24 via 0.0.0.0, metric 2, tag 0
R2#
R2#show ip route 
Codes: L - local, C - connected, S - static, R - RIP, M - mobile, B - BGP
       D - EIGRP, EX - EIGRP external, O - OSPF, IA - OSPF inter area 
       N1 - OSPF NSSA external type 1, N2 - OSPF NSSA external type 2
       E1 - OSPF external type 1, E2 - OSPF external type 2
       i - IS-IS, su - IS-IS summary, L1 - IS-IS level-1, L2 - IS-IS level-2
       ia - IS-IS inter area, * - candidate default, U - per-user static route
       o - ODR, P - periodic downloaded static route, H - NHRP, l - LISP
       a - application route
       + - replicated route, % - next hop override, p - overrides from PfR

Gateway of last resort is not set

      1.0.0.0/32 is subnetted, 2 subnets
R        1.1.1.1 [120/1] via 10.1.2.1, 00:00:11, GigabitEthernet0/0
R        1.1.1.2 [120/1] via 10.1.2.1, 00:00:11, GigabitEthernet0/0
      10.0.0.0/8 is variably subnetted, 8 subnets, 2 masks
C        10.1.2.0/24 is directly connected, GigabitEthernet0/0
L        10.1.2.2/32 is directly connected, GigabitEthernet0/0
R        10.1.3.0/24 [120/1] via 10.1.2.1, 00:00:11, GigabitEthernet0/0
R        10.1.4.0/24 [120/1] via 10.1.2.1, 00:00:11, GigabitEthernet0/0
C        10.2.5.0/24 is directly connected, GigabitEthernet0/1
L        10.2.5.2/32 is directly connected, GigabitEthernet0/1
R        10.3.5.0/24 [120/1] via 10.2.5.5, 00:00:13, GigabitEthernet0/1
R        10.4.5.0/24 [120/1] via 10.2.5.5, 00:00:13, GigabitEthernet0/1
      172.16.0.0/24 is subnetted, 1 subnets
R        172.16.0.0 [120/1] via 10.1.2.1, 00:00:11, GigabitEthernet0/0
R     192.168.0.0/24 [120/1] via 10.2.5.5, 00:00:13, GigabitEthernet0/1
R2#

































R2 con0 is now available





Press RETURN to get started.

C
**************************************************************************
* IOSv is strictly limited to use for evaluation, demonstration and IOS  *
* education. IOSv is provided as-is and is not supported by Cisco's      *
* Technical Advisory Center. Any use or disclosure, in whole or in part, *
* of the IOSv Software or Documentation to any third party for any       *
* purposes is expressly prohibited except as otherwise authorized by     *
* Cisco in writing.                                                      *
**************************************************************************
R2>
R2>en
R2#show ip route
Codes: L - local, C - connected, S - static, R - RIP, M - mobile, B - BGP
       D - EIGRP, EX - EIGRP external, O - OSPF, IA - OSPF inter area 
       N1 - OSPF NSSA external type 1, N2 - OSPF NSSA external type 2
       E1 - OSPF external type 1, E2 - OSPF external type 2
       i - IS-IS, su - IS-IS summary, L1 - IS-IS level-1, L2 - IS-IS level-2
       ia - IS-IS inter area, * - candidate default, U - per-user static route
       o - ODR, P - periodic downloaded static route, H - NHRP, l - LISP
       a - application route
       + - replicated route, % - next hop override, p - overrides from PfR

Gateway of last resort is not set

      1.0.0.0/32 is subnetted, 2 subnets
R        1.1.1.1 [120/1] via 10.1.2.1, 00:00:11, GigabitEthernet0/0
R        1.1.1.2 [120/1] via 10.1.2.1, 00:00:11, GigabitEthernet0/0
      10.0.0.0/8 is variably subnetted, 8 subnets, 2 masks
C        10.1.2.0/24 is directly connected, GigabitEthernet0/0
L        10.1.2.2/32 is directly connected, GigabitEthernet0/0
R        10.1.3.0/24 [120/1] via 10.1.2.1, 00:00:11, GigabitEthernet0/0
R        10.1.4.0/24 [120/1] via 10.1.2.1, 00:00:11, GigabitEthernet0/0
C        10.2.5.0/24 is directly connected, GigabitEthernet0/1
L        10.2.5.2/32 is directly connected, GigabitEthernet0/1
 --More-- 

































R2 con0 is now available





Press RETURN to get started.












C
**************************************************************************
* IOSv is strictly limited to use for evaluation, demonstration and IOS  *
* education. IOSv is provided as-is and is not supported by Cisco's      *
* Technical Advisory Center. Any use or disclosure, in whole or in part, *
* of the IOSv Software or Documentation to any third party for any       *
* purposes is expressly prohibited except as otherwise authorized by     *
* Cisco in writing.                                                      *
**************************************************************************
R2>en
R2#e
% Ambiguous command:  "e"
R2#
R2#
R2#show ip route
Codes: L - local, C - connected, S - static, R - RIP, M - mobile, B - BGP
       D - EIGRP, EX - EIGRP external, O - OSPF, IA - OSPF inter area 
       N1 - OSPF NSSA external type 1, N2 - OSPF NSSA external type 2
       E1 - OSPF external type 1, E2 - OSPF external type 2
       i - IS-IS, su - IS-IS summary, L1 - IS-IS level-1, L2 - IS-IS level-2
       ia - IS-IS inter area, * - candidate default, U - per-user static route
       o - ODR, P - periodic downloaded static route, H - NHRP, l - LISP
       a - application route
       + - replicated route, % - next hop override, p - overrides from PfR

Gateway of last resort is not set

      1.0.0.0/32 is subnetted, 2 subnets
R        1.1.1.1 [120/1] via 10.1.2.1, 00:00:00, GigabitEthernet0/0
R        1.1.1.2 [120/1] via 10.1.2.1, 00:00:00, GigabitEthernet0/0
      10.0.0.0/8 is variably subnetted, 8 subnets, 2 masks
C        10.1.2.0/24 is directly connected, GigabitEthernet0/0
L        10.1.2.2/32 is directly connected, GigabitEthernet0/0
R        10.1.3.0/24 [120/1] via 10.1.2.1, 00:00:00, GigabitEthernet0/0
R        10.1.4.0/24 [120/1] via 10.1.2.1, 00:00:00, GigabitEthernet0/0
C        10.2.5.0/24 is directly connected, GigabitEthernet0/1
L        10.2.5.2/32 is directly connected, GigabitEthernet0/1
R        10.3.5.0/24 [120/1] via 10.2.5.5, 00:00:20, GigabitEthernet0/1
R        10.4.5.0/24 [120/1] via 10.2.5.5, 00:00:20, GigabitEthernet0/1
      172.16.0.0/24 is subnetted, 1 subnets
R        172.16.0.0 [120/1] via 10.1.2.1, 00:00:00, GigabitEthernet0/0
R     192.168.0.0/24 [120/1] via 10.2.5.5, 00:00:20, GigabitEthernet0/1
R2#

































R2 con0 is now available





Press RETURN to get started.














C
**************************************************************************
* IOSv is strictly limited to use for evaluation, demonstration and IOS  *
* education. IOSv is provided as-is and is not supported by Cisco's      *
* Technical Advisory Center. Any use or disclosure, in whole or in part, *
* of the IOSv Software or Documentation to any third party for any       *
* purposes is expressly prohibited except as otherwise authorized by     *
* Cisco in writing.                                                      *
**************************************************************************
R2>
R2>en
R2#wr
Building configuration...
[OK]
R2#
*Dec 15 19:43:44.761: %GRUB-5-CONFIG_WRITING: GRUB configuration is being updated on disk. Please wait...
*Dec 15 19:43:45.722: %GRUB-5-CONFIG_WRITTEN: GRUB configuration was written to disk successfully.
R2#
R2#
R2#
R2#terminal length 0
R2#more system:running-config
!
! Last configuration change at 13:04:20 UTC Tue Dec 15 2020
!
version 15.9
service timestamps debug datetime msec
service timestamps log datetime msec
no service password-encryption
!
hostname R2
!
boot-start-marker
boot-end-marker
!
!
!
no aaa new-model
!
!
!
mmi polling-interval 60
no mmi auto-configure
no mmi pvc
mmi snmp-timeout 180
!
!
!
!
!
!
!
!
!
!
!
ip cef
no ipv6 cef
!
multilink bundle-name authenticated
!
!
!
!
!
redundancy
!
!
! 
!
!
!
!
!
!
!
!
!
!
!
!
interface GigabitEthernet0/0
 ip address 10.1.2.2 255.255.255.0
 duplex auto
 speed auto
 media-type rj45
!
interface GigabitEthernet0/1
 ip address 10.2.5.2 255.255.255.0
 duplex auto
 speed auto
 media-type rj45
!
interface GigabitEthernet0/2
 no ip address
 shutdown
 duplex auto
 speed auto
 media-type rj45
!
interface GigabitEthernet0/3
 no ip address
 shutdown
 duplex auto
 speed auto
 media-type rj45
!
router rip
 version 2
 network 10.0.0.0
 no auto-summary
!
ip forward-protocol nd
!
!
no ip http server
no ip http secure-server
!
ipv6 ioam timestamp
!
!
!
control-plane
!
banner exec ^CC
**************************************************************************
* IOSv is strictly limited to use for evaluation, demonstration and IOS  *
* education. IOSv is provided as-is and is not supported by Cisco's      *
* Technical Advisory Center. Any use or disclosure, in whole or in part, *
* of the IOSv Software or Documentation to any third party for any       *
* purposes is expressly prohibited except as otherwise authorized by     *
* Cisco in writing.                                                      *
**************************************************************************^C
banner incoming ^CC
**************************************************************************
* IOSv is strictly limited to use for evaluation, demonstration and IOS  *
* education. IOSv is provided as-is and is not supported by Cisco's      *
* Technical Advisory Center. Any use or disclosure, in whole or in part, *
* of the IOSv Software or Documentation to any third party for any       *
* purposes is expressly prohibited except as otherwise authorized by     *
* Cisco in writing.                                                      *
**************************************************************************^C
banner login ^CC
**************************************************************************
* IOSv is strictly limited to use for evaluation, demonstration and IOS  *
* education. IOSv is provided as-is and is not supported by Cisco's      *
* Technical Advisory Center. Any use or disclosure, in whole or in part, *
* of the IOSv Software or Documentation to any third party for any       *
* purposes is expressly prohibited except as otherwise authorized by     *
* Cisco in writing.                                                      *
**************************************************************************^C
!
line con 0
line aux 0
line vty 0 4
 login
 transport input none
!
no scheduler allocate
!
end

R2#quit





























































R2 con0 is now available





Press RETURN to get started.





Connection closed by foreign host.
spawn@mydebian:~/.ssh$ 

