

sw3 con0 is now available





Press RETURN to get started.







**************************************************************************
* IOSv is strictly limited to use for evaluation, demonstration and IOS  *
* education. IOSv is provided as-is and is not supported by Cisco's      *
* Technical Advisory Center. Any use or disclosure, in whole or in part, *
* of the IOSv Software or Documentation to any third party for any       *
* purposes is expressly prohibited except as otherwise authorized by     *
* Cisco in writing.                                                      *
**************************************************************************
sw3>en
sw3#show run
sw3#show running-config 
Building configuration...

Current configuration : 3298 bytes
!
! Last configuration change at 18:43:09 UTC Sun Dec 6 2020
!
version 15.2
service timestamps debug datetime msec
service timestamps log datetime msec
no service password-encryption
service compress-config
!
hostname sw3
!
boot-start-marker
boot-end-marker
!
!
!
no aaa new-model
!
!
!
!
!         
!
!
!
ip cef
no ipv6 cef
!
!
!
spanning-tree mode pvst
spanning-tree extend system-id
spanning-tree vlan 1,100,200 priority 20480
!
!
! 
!
!
!
!
!
!
!
!
!         
!
!
!
interface GigabitEthernet0/0
 switchport mode access
 negotiation auto
!
interface GigabitEthernet0/1
 negotiation auto
!
interface GigabitEthernet0/2
 switchport trunk allowed vlan 1,100,200
 switchport trunk encapsulation dot1q
 switchport mode trunk
 negotiation auto
!
interface GigabitEthernet0/3
 switchport trunk allowed vlan 1,100,200
 switchport trunk encapsulation dot1q
 switchport mode trunk
 negotiation auto
!
interface GigabitEthernet1/0
 switchport trunk allowed vlan 1,100,200
 switchport trunk encapsulation dot1q
 switchport mode trunk
 negotiation auto
!
interface GigabitEthernet1/1
 negotiation auto
!
interface GigabitEthernet1/2
 negotiation auto
!
interface GigabitEthernet1/3
 negotiation auto
!
ip forward-protocol nd
!
ip http server
ip http secure-server
!
ip ssh server algorithm encryption aes128-ctr aes192-ctr aes256-ctr
ip ssh client algorithm encryption aes128-ctr aes192-ctr aes256-ctr
!
!         
!
!
!
!
control-plane
!
banner exec ^C
**************************************************************************
* IOSv is strictly limited to use for evaluation, demonstration and IOS  *
* education. IOSv is provided as-is and is not supported by Cisco's      *
* Technical Advisory Center. Any use or disclosure, in whole or in part, *
* of the IOSv Software or Documentation to any third party for any       *
* purposes is expressly prohibited except as otherwise authorized by     *
* Cisco in writing.                                                      *
**************************************************************************^C
banner incoming ^C
**************************************************************************
* IOSv is strictly limited to use for evaluation, demonstration and IOS  *
* education. IOSv is provided as-is and is not supported by Cisco's      *
* Technical Advisory Center. Any use or disclosure, in whole or in part, *
* of the IOSv Software or Documentation to any third party for any       *
* purposes is expressly prohibited except as otherwise authorized by     *
* Cisco in writing.                                                      *
**************************************************************************^C
banner login ^C
**************************************************************************
* IOSv is strictly limited to use for evaluation, demonstration and IOS  *
* education. IOSv is provided as-is and is not supported by Cisco's      *
* Technical Advisory Center. Any use or disclosure, in whole or in part, *
* of the IOSv Software or Documentation to any third party for any       *
* purposes is expressly prohibited except as otherwise authorized by     *
* Cisco in writing.                                                      *
**************************************************************************^C
!
line con 0
line aux 0
line vty 0 4
!
!
end

sw3#conf t
Enter configuration commands, one per line.  End with CNTL/Z.
sw3(config)#int
sw3(config)#interface GigabitEthernet0/0
sw3(config-if)#switchport access vlan 100
sw3(config-if)#exit
sw3(config)#exit
sw3#wr
Building configuration...

*Dec  6 21:05:25.591: %SYS-5-CONFIG_I: Configured from console by consoleCompressed configuration from 3326 bytes to 1591 bytes[OK]
sw3#
*Dec  6 21:05:29.932: %GRUB-5-CONFIG_WRITING: GRUB configuration is being updated on disk. Please wait...
*Dec  6 21:05:30.772: %GRUB-5-CONFIG_WRITTEN: GRUB configuration was written to disk successfully.
sw3#show run
sw3#show running-config 
Building configuration...

Current configuration : 3326 bytes
!
! Last configuration change at 21:05:25 UTC Sun Dec 6 2020
!
version 15.2
service timestamps debug datetime msec
service timestamps log datetime msec
no service password-encryption
service compress-config
!
hostname sw3
!
boot-start-marker
boot-end-marker
!
!
!
no aaa new-model
!
!
!
!
!         
!
!
!
ip cef
no ipv6 cef
!
!
!
spanning-tree mode pvst
spanning-tree extend system-id
spanning-tree vlan 1,100,200 priority 20480
!
!
! 
!
!
!
!
!
!
!
!
!         
!
!
!
interface GigabitEthernet0/0
 switchport access vlan 100
 switchport mode access
 negotiation auto
!
interface GigabitEthernet0/1
 negotiation auto
!
interface GigabitEthernet0/2
 switchport trunk allowed vlan 1,100,200
 switchport trunk encapsulation dot1q
 switchport mode trunk
 negotiation auto
!
interface GigabitEthernet0/3
 switchport trunk allowed vlan 1,100,200
 switchport trunk encapsulation dot1q
 switchport mode trunk
 negotiation auto
!         
interface GigabitEthernet1/0
 switchport trunk allowed vlan 1,100,200
 switchport trunk encapsulation dot1q
 switchport mode trunk
 negotiation auto
!
interface GigabitEthernet1/1
 negotiation auto
!
interface GigabitEthernet1/2
 negotiation auto
!
interface GigabitEthernet1/3
 negotiation auto
!
ip forward-protocol nd
!
ip http server
ip http secure-server
!
ip ssh server algorithm encryption aes128-ctr aes192-ctr aes256-ctr
ip ssh client algorithm encryption aes128-ctr aes192-ctr aes256-ctr
!         
!
!
!
!
!
control-plane
!
banner exec ^C
**************************************************************************
* IOSv is strictly limited to use for evaluation, demonstration and IOS  *
* education. IOSv is provided as-is and is not supported by Cisco's      *
* Technical Advisory Center. Any use or disclosure, in whole or in part, *
* of the IOSv Software or Documentation to any third party for any       *
* purposes is expressly prohibited except as otherwise authorized by     *
* Cisco in writing.                                                      *
**************************************************************************^C
banner incoming ^C
**************************************************************************
* IOSv is strictly limited to use for evaluation, demonstration and IOS  *
* education. IOSv is provided as-is and is not supported by Cisco's      *
* Technical Advisory Center. Any use or disclosure, in whole or in part, *
* of the IOSv Software or Documentation to any third party for any       *
* purposes is expressly prohibited except as otherwise authorized by     *
* Cisco in writing.                                                      *
**************************************************************************^C
banner login ^C
**************************************************************************
* IOSv is strictly limited to use for evaluation, demonstration and IOS  *
* education. IOSv is provided as-is and is not supported by Cisco's      *
* Technical Advisory Center. Any use or disclosure, in whole or in part, *
* of the IOSv Software or Documentation to any third party for any       *
* purposes is expressly prohibited except as otherwise authorized by     *
* Cisco in writing.                                                      *
**************************************************************************^C
!
line con 0
line aux 0
line vty 0 4
!
!
end

sw3#

































sw3 con0 is now available





Press RETURN to get started.








**************************************************************************
* IOSv is strictly limited to use for evaluation, demonstration and IOS  *
* education. IOSv is provided as-is and is not supported by Cisco's      *
* Technical Advisory Center. Any use or disclosure, in whole or in part, *
* of the IOSv Software or Documentation to any third party for any       *
* purposes is expressly prohibited except as otherwise authorized by     *
* Cisco in writing.                                                      *
**************************************************************************
sw3>en
sw3#show spanning-tree vlan 100

VLAN0100
  Spanning tree enabled protocol ieee
  Root ID    Priority    20580
             Address     5000.0003.0000
             This bridge is the root
             Hello Time   2 sec  Max Age 20 sec  Forward Delay 15 sec

  Bridge ID  Priority    20580  (priority 20480 sys-id-ext 100)
             Address     5000.0003.0000
             Hello Time   2 sec  Max Age 20 sec  Forward Delay 15 sec
             Aging Time  300 sec

Interface           Role Sts Cost      Prio.Nbr Type
------------------- ---- --- --------- -------- --------------------------------
Gi0/0               Desg FWD 4         128.1    P2p 
Gi0/2               Desg FWD 4         128.3    P2p 
Gi0/3               Desg FWD 4         128.4    P2p 
Gi1/0               Desg FWD 4         128.5    P2p 


sw3#conf t
Enter configuration commands, one per line.  End with CNTL/Z.
sw3(config)#inte
sw3(config)#interface gi 0/2
sw3(config-if)#shut
sw3(config-if)#
*Dec  6 21:51:28.401: %LINK-5-CHANGED: Interface GigabitEthernet0/2, changed state to administratively down
*Dec  6 21:51:29.400: %LINEPROTO-5-UPDOWN: Line protocol on Interface GigabitEthernet0/2, changed state to down
sw3(config-if)#no shut
sw3(config-if)#
*Dec  6 21:55:47.961: %LINK-3-UPDOWN: Interface GigabitEthernet0/2, changed state to up
*Dec  6 21:55:48.960: %LINEPROTO-5-UPDOWN: Line protocol on Interface GigabitEthernet0/2, changed state to up

































sw3 con0 is now available





Press RETURN to get started.








*Dec  6 22:05:47.048: %SYS-5-CONFIG_I: Configured from console by console
**************************************************************************
* IOSv is strictly limited to use for evaluation, demonstration and IOS  *
* education. IOSv is provided as-is and is not supported by Cisco's      *
* Technical Advisory Center. Any use or disclosure, in whole or in part, *
* of the IOSv Software or Documentation to any third party for any       *
* purposes is expressly prohibited except as otherwise authorized by     *
* Cisco in writing.                                                      *
**************************************************************************
sw3>
sw3>en
sw3#show spanning-tree vlan 200 

VLAN0200
  Spanning tree enabled protocol ieee
  Root ID    Priority    20680
             Address     5000.0003.0000
             This bridge is the root
             Hello Time   2 sec  Max Age 20 sec  Forward Delay 15 sec

  Bridge ID  Priority    20680  (priority 20480 sys-id-ext 200)
             Address     5000.0003.0000
             Hello Time   2 sec  Max Age 20 sec  Forward Delay 15 sec
             Aging Time  300 sec

Interface           Role Sts Cost      Prio.Nbr Type
------------------- ---- --- --------- -------- --------------------------------
Gi0/2               Desg FWD 4         128.3    P2p 
Gi0/3               Desg FWD 4         128.4    P2p 
Gi1/0               Desg FWD 4         128.5    P2p 


sw3#

































sw3 con0 is now available





Press RETURN to get started.


**************************************************************************
* IOSv is strictly limited to use for evaluation, demonstration and IOS  *
* education. IOSv is provided as-is and is not supported by Cisco's      *
* Technical Advisory Center. Any use or disclosure, in whole or in part, *
* of the IOSv Software or Documentation to any third party for any       *
* purposes is expressly prohibited except as otherwise authorized by     *
* Cisco in writing.                                                      *
**************************************************************************
sw3>en
sw3#show spanning-tree vlan 100

VLAN0100
  Spanning tree enabled protocol ieee
  Root ID    Priority    20580
             Address     5000.0003.0000
             This bridge is the root
             Hello Time   2 sec  Max Age 20 sec  Forward Delay 15 sec

  Bridge ID  Priority    20580  (priority 20480 sys-id-ext 100)
             Address     5000.0003.0000
             Hello Time   2 sec  Max Age 20 sec  Forward Delay 15 sec
             Aging Time  300 sec

Interface           Role Sts Cost      Prio.Nbr Type
------------------- ---- --- --------- -------- --------------------------------
Gi0/0               Desg FWD 4         128.1    P2p 
Gi0/2               Desg FWD 4         128.3    P2p 
Gi0/3               Desg FWD 4         128.4    P2p 
Gi1/0               Desg FWD 4         128.5    P2p 


sw3#

































sw3 con0 is now available





Press RETURN to get started.






**************************************************************************
* IOSv is strictly limited to use for evaluation, demonstration and IOS  *
* education. IOSv is provided as-is and is not supported by Cisco's      *
* Technical Advisory Center. Any use or disclosure, in whole or in part, *
* of the IOSv Software or Documentation to any third party for any       *
* purposes is expressly prohibited except as otherwise authorized by     *
* Cisco in writing.                                                      *
**************************************************************************
sw3>en
sw3#show spanning-tree vlan 100

VLAN0100
  Spanning tree enabled protocol ieee
  Root ID    Priority    20580
             Address     5000.0003.0000
             This bridge is the root
             Hello Time   2 sec  Max Age 20 sec  Forward Delay 15 sec

  Bridge ID  Priority    20580  (priority 20480 sys-id-ext 100)
             Address     5000.0003.0000
             Hello Time   2 sec  Max Age 20 sec  Forward Delay 15 sec
             Aging Time  300 sec

Interface           Role Sts Cost      Prio.Nbr Type
------------------- ---- --- --------- -------- --------------------------------
Gi0/0               Desg FWD 4         128.1    P2p 
Gi0/2               Desg FWD 4         128.3    P2p 
Gi0/3               Desg FWD 4         128.4    P2p 
Gi1/0               Desg FWD 4         128.5    P2p 


sw3#conf t
Enter configuration commands, one per line.  End with CNTL/Z.
sw3(config)#in gi 0/3
sw3(config-if)#spa
sw3(config-if)#spanning-tree port
sw3(config-if)#spanning-tree port
sw3(config-if)#spanning-tree port
sw3(config-if)#spanning-tree port-
sw3(config-if)#spanning-tree port-priority ?
  <0-240>  port priority in increments of 16

sw3(config-if)#spanning-tree port-priority 112
sw3(config-if)#exit
sw3(config)#exit
sw3#
*Dec  8 20:39:14.716: %SYS-5-CONFIG_I: Configured from console by console
sw3#show spanning-tree vlan 100

VLAN0100
  Spanning tree enabled protocol ieee
  Root ID    Priority    20580
             Address     5000.0003.0000
             This bridge is the root
             Hello Time   2 sec  Max Age 20 sec  Forward Delay 15 sec

  Bridge ID  Priority    20580  (priority 20480 sys-id-ext 100)
             Address     5000.0003.0000
             Hello Time   2 sec  Max Age 20 sec  Forward Delay 15 sec
             Aging Time  15  sec

Interface           Role Sts Cost      Prio.Nbr Type
------------------- ---- --- --------- -------- --------------------------------
Gi0/0               Desg FWD 4         128.1    P2p 
Gi0/2               Desg FWD 4         128.3    P2p 
Gi0/3               Desg FWD 4         112.4    P2p 
Gi1/0               Desg FWD 4         128.5    P2p 


sw3#show spanning-tree vlan 200

VLAN0200
  Spanning tree enabled protocol ieee
  Root ID    Priority    20680
             Address     5000.0003.0000
             This bridge is the root
             Hello Time   2 sec  Max Age 20 sec  Forward Delay 15 sec

  Bridge ID  Priority    20680  (priority 20480 sys-id-ext 200)
             Address     5000.0003.0000
             Hello Time   2 sec  Max Age 20 sec  Forward Delay 15 sec
             Aging Time  300 sec

Interface           Role Sts Cost      Prio.Nbr Type
------------------- ---- --- --------- -------- --------------------------------
Gi0/2               Desg FWD 4         128.3    P2p 
Gi0/3               Desg FWD 4         112.4    P2p 
Gi1/0               Desg FWD 4         128.5    P2p 


sw3#wr
Building configuration...
Compressed configuration from 3359 bytes to 1612 bytes[OK]
sw3#
*Dec  8 20:49:17.009: %GRUB-5-CONFIG_WRITING: GRUB configuration is being updated on disk. Please wait...
*Dec  8 20:49:17.832: %GRUB-5-CONFIG_WRITTEN: GRUB configuration was written to disk successfully.   
sw3#show run
sw3#show running-config 
Building configuration...

Current configuration : 3359 bytes
!
! Last configuration change at 20:39:14 UTC Tue Dec 8 2020
!
version 15.2
service timestamps debug datetime msec
service timestamps log datetime msec
no service password-encryption
service compress-config
!
hostname sw3
!
boot-start-marker
boot-end-marker
!
!
!
no aaa new-model
!
!
!
!
!         
!
!
!
ip cef
no ipv6 cef
!
!
!
spanning-tree mode pvst
spanning-tree extend system-id
spanning-tree vlan 1,100,200 priority 20480
!
!
! 
!
!
!
!
!
!
!
!
!         
!
!
!
interface GigabitEthernet0/0
 switchport access vlan 100
 switchport mode access
 negotiation auto
!
interface GigabitEthernet0/1
 negotiation auto
!
interface GigabitEthernet0/2
 switchport trunk allowed vlan 1,100,200
 switchport trunk encapsulation dot1q
 switchport mode trunk
 negotiation auto
!
interface GigabitEthernet0/3
 switchport trunk allowed vlan 1,100,200
 switchport trunk encapsulation dot1q
 switchport mode trunk
 negotiation auto
 spanning-tree port-priority 112
!
interface GigabitEthernet1/0
 switchport trunk allowed vlan 1,100,200
 switchport trunk encapsulation dot1q
 switchport mode trunk
 negotiation auto
!
interface GigabitEthernet1/1
 negotiation auto
!
interface GigabitEthernet1/2
 negotiation auto
!
interface GigabitEthernet1/3
 negotiation auto
!
ip forward-protocol nd
!
ip http server
ip http secure-server
!
ip ssh server algorithm encryption aes128-ctr aes192-ctr aes256-ctr
ip ssh client algorithm encryption aes128-ctr aes192-ctr aes256-ctr
!
!
!
!
!
!
control-plane
!
banner exec ^C
**************************************************************************
* IOSv is strictly limited to use for evaluation, demonstration and IOS  *
* education. IOSv is provided as-is and is not supported by Cisco's      *
* Technical Advisory Center. Any use or disclosure, in whole or in part, *
* of the IOSv Software or Documentation to any third party for any       *
* purposes is expressly prohibited except as otherwise authorized by     *
* Cisco in writing.                                                      *
**************************************************************************^C
banner incoming ^C
**************************************************************************
* IOSv is strictly limited to use for evaluation, demonstration and IOS  *
* education. IOSv is provided as-is and is not supported by Cisco's      *
* Technical Advisory Center. Any use or disclosure, in whole or in part, *
* of the IOSv Software or Documentation to any third party for any       *
* purposes is expressly prohibited except as otherwise authorized by     *
* Cisco in writing.                                                      *
**************************************************************************^C
banner login ^C
**************************************************************************
* IOSv is strictly limited to use for evaluation, demonstration and IOS  *
* education. IOSv is provided as-is and is not supported by Cisco's      *
* Technical Advisory Center. Any use or disclosure, in whole or in part, *
* of the IOSv Software or Documentation to any third party for any       *
* purposes is expressly prohibited except as otherwise authorized by     *
* Cisco in writing.                                                      *
**************************************************************************^C
!
line con 0
line aux 0
line vty 0 4
!
!
end

sw3#Connection closed by foreign host.
spawn@mydebian:~$ 
spawn@mydebian:~$ telnet 192.168.1.14 32771
Trying 192.168.1.14...
Connected to 192.168.1.14.
Escape character is '^]'.
tate to reset
*Dec 13 20:38:04.626: %PARSER-4-BADCFG: Unexpected end of configuration file.

*Dec 13 20:38:04.934: %SYS-5-CONFIG_I: Configured from memory by console
*Dec 13 20:38:05.337: %LINEPROTO-5-UPDOWN: Line protocol on Interface GigabitEthernet0/0, changed state to up
*Dec 13 20:38:05.339: %LINEPROTO-5-UPDOWN: Line protocol on Interface GigabitEthernet0/1, changed state to up
*Dec 13 20:38:05.340: %LINEPROTO-5-UPDOWN: Line protocol on Interface GigabitEthernet0/2, changed state to down
*Dec 13 20:38:05.341: %LINEPROTO-5-UPDOWN: Line protocol on Interface GigabitEthernet0/3, changed state to down
*Dec 13 20:38:05.342: %LINEPROTO-5-UPDOWN: Line protocol on Interface GigabitEthernet1/0, changed state to down
*Dec 13 20:38:05.343: %LINEPROTO-5-UPDOWN: Line protocol on Interface GigabitEthernet1/1, changed state to up
*Dec 13 20:38:05.344: %LINEPROTO-5-UPDOWN: Line protocol on Interface GigabitEthernet1/2, changed state to up
*Dec 13 20:38:05.345: %LINEPROTO-5-UPDOWN: Line protocol on Interface GigabitEthernet1/3, changed state to up
*Dec 13 20:38:06.686: %LINK-3-UPDOWN: Interface GigabitEthernet1/3, changed state to up
*Dec 13 20:38:06.689: %LINK-3-UPDOWN: Interface GigabitEthernet1/2, changed state to up
*Dec 13 20:38:06.692: %LINK-3-UPDOWN: Interface GigabitEthernet1/1, changed state to up
*Dec 13 20:38:06.696: %LINK-3-UPDOWN: Interface GigabitEthernet1/0, changed % Generating 1024 bit RSA keys, state to up
*Dec 13 20:38:06.699: %LINK-3-UPDOWN: Interface GigabitEthernet0/3, changed state to up
*Dec 13 20:38:06.702: %LINK-3-UPDOWN: Interface GigabitEthernet0/2, changed state to up
*Dec 13 20:38:06.704: %LINK-3-UPDOWN: Interface GigabitEthernet0/1, changed state to up
*Dec 13 20:38:06.710: %LINK-3-UPDOWN: Interface GigabitEthernet0/0, changed state to up
*Dec 13 20:38:07.762: %LINEPROTO-5-UPDOWN: Line protocol on Interface GigabitEthernet1/0, changed state to up
*Dec 13 20:38:07.763: %LINEPROTO-5-UPDOWN: Line protocol on Interface GigabitEthernet0/3, changed state to up
*Dec 13 20:38:07.764: %LINEPROTO-5-UPDOWN: Line protocol on Interface GigabitEthernet0/2, changed state to up
*Dec 13 20:38:12.225: %SYS-5-RESTART: System restarted --
Cisco IOS Software, vios_l2 Software (vios_l2-ADVENTERPRISEK9-M), Version 15.2(CML_NIGHTLY_20190423)FLO_DSGS7, EARLY DEPLOYMENT DEVELOPMENT BUILD, synced to  V152_6_0_81_E
Technical Support: http://www.cisco.com/techsupport
Copyright (c) 1986-2019 by Cisco Systems, Inc.
Compiled Tue 23-Apr-19 04:48 by mmen
*Dec 13 20:38:12.295: %PNP-6-PNP_DISCOVERY_STOPPED: PnP Discovery stopped (Startup Config Present)keys will be non-exportable...
[OK] (elapsed time was 6 seconds)
Failed to generate persistent self-signed certificate.
    Secure server will use temporary self-signed certificate.

*Dec 13 20:39:12.309: %SSH-5-ENABLED: SSH 1.99 has been enabled
**************************************************************************
* IOSv is strictly limited to use for evaluation, demonstration and IOS  *
* education. IOSv is provided as-is and is not supported by Cisco's      *
* Technical Advisory Center. Any use or disclosure, in whole or in part, *
* of the IOSv Software or Documentation to any third party for any       *
* purposes is expressly prohibited except as otherwise authorized by     *
* Cisco in writing.                                                      *
**************************************************************************
sw3>
*Dec 13 20:39:22.518: %PLATFORM-5-SIGNATURE_VERIFIED: Image 'flash0:/vios_l2-adventerprisek9-m' passed code signing verification
sw3>en
sw3#show run
Building configuration...

Current configuration : 3367 bytes
!
! Last configuration change at 20:38:15 UTC Sun Dec 13 2020
!
version 15.2
service timestamps debug datetime msec
service timestamps log datetime msec
no service password-encryption
service compress-config
!
hostname sw3
!
boot-start-marker
boot-end-marker
!
!
!
no aaa new-model
!
!
!
!
!         
!
!
!
ip cef
no ipv6 cef
!
!
!
spanning-tree mode pvst
spanning-tree extend system-id
spanning-tree vlan 1,100,200 priority 20480
!
!
! 
!
!
!
!
!
!
!
!
!         
!
!
!
interface GigabitEthernet0/0
 switchport access vlan 100
 switchport mode access
 negotiation auto
!
interface GigabitEthernet0/1
 negotiation auto
!
interface GigabitEthernet0/2
 switchport trunk allowed vlan 1,100,200
 switchport trunk encapsulation dot1q
 switchport mode trunk
 negotiation auto
!
interface GigabitEthernet0/3
 switchport trunk allowed vlan 1,100,200
 switchport trunk encapsulation dot1q
 switchport mode trunk
 negotiation auto
 spanning-tree port-priority 112
!
interface GigabitEthernet1/0
 switchport trunk allowed vlan 1,100,200
 switchport trunk encapsulation dot1q
 switchport mode trunk
 negotiation auto
!
interface GigabitEthernet1/1
 negotiation auto
!
interface GigabitEthernet1/2
 negotiation auto
!
interface GigabitEthernet1/3
 negotiation auto
!
ip forward-protocol nd
!
ip http server
ip http secure-server
!
ip ssh server algorithm encryption aes128-ctr aes192-ctr aes256-ctr
ip ssh client algorithm encryption aes128-ctr aes192-ctr aes256-ctr
!
!
!
!
!
!
control-plane
!
banner exec ^C
**************************************************************************
* IOSv is strictly limited to use for evaluation, demonstration and IOS  *
* education. IOSv is provided as-is and is not supported by Cisco's      *
* Technical Advisory Center. Any use or disclosure, in whole or in part, *
* of the IOSv Software or Documentation to any third party for any       *
* purposes is expressly prohibited except as otherwise authorized by     *
* Cisco in writing.                                                      *
**************************************************************************^C
banner incoming ^C
**************************************************************************
* IOSv is strictly limited to use for evaluation, demonstration and IOS  *
* education. IOSv is provided as-is and is not supported by Cisco's      *
* Technical Advisory Center. Any use or disclosure, in whole or in part, *
* of the IOSv Software or Documentation to any third party for any       *
* purposes is expressly prohibited except as otherwise authorized by     *
* Cisco in writing.                                                      *
**************************************************************************^C
banner login ^C
**************************************************************************
* IOSv is strictly limited to use for evaluation, demonstration and IOS  *
* education. IOSv is provided as-is and is not supported by Cisco's      *
* Technical Advisory Center. Any use or disclosure, in whole or in part, *
* of the IOSv Software or Documentation to any third party for any       *
* purposes is expressly prohibited except as otherwise authorized by     *
* Cisco in writing.                                                      *
**************************************************************************^C
!
line con 0
line aux 0
line vty 0 4
 login
!
!
end

sw3#show spanning-tree vlan 200

VLAN0200
  Spanning tree enabled protocol ieee
  Root ID    Priority    20680
             Address     5000.0003.0000
             This bridge is the root
             Hello Time   2 sec  Max Age 20 sec  Forward Delay 15 sec

  Bridge ID  Priority    20680  (priority 20480 sys-id-ext 200)
             Address     5000.0003.0000
             Hello Time   2 sec  Max Age 20 sec  Forward Delay 15 sec
             Aging Time  300 sec

Interface           Role Sts Cost      Prio.Nbr Type
------------------- ---- --- --------- -------- --------------------------------
Gi0/2               Desg FWD 4         128.3    P2p 
Gi0/3               Desg FWD 4         112.4    P2p 
Gi1/0               Desg FWD 4         128.5    P2p 


sw3#Connection closed by foreign host.
spawn@mydebian:~$ 
